Content-Type: multipart/mixed; boundary="===============7953328228261156301=="
MIME-Version: 1.0
Subject: Il tuo Biglietto per Piazza della Repubblioca
From: biglietteria@sitotributo.it
To: cimmino.angel@gmail.com
Date: Tue, 02 Jun 2026 17:42:43 -0000
Message-ID: <178042216383.842458.1251021286446197127@debian.home>

--===============7953328228261156301==
Content-Type: text/plain; charset="utf-8"
MIME-Version: 1.0
Content-Transfer-Encoding: 7bit

Gentile Angelo Cimmino,

in allegato trovi il tuo biglietto ufficiale in formato PDF per lo spettacolo.

Ci vediamo a teatro!
Staff M. Ranieri Tribute
--===============7953328228261156301==
Content-Type: application/pdf
MIME-Version: 1.0
Content-Transfer-Encoding: base64
Content-Disposition: attachment; filename="Biglietto_TKT-500587BC-01.pdf"

JVBERi0xLjMKJZOMi54gUmVwb3J0TGFiIEdlbmVyYXRlZCBQREYgZG9jdW1lbnQgKG9wZW5zb3Vy
Y2UpCjEgMCBvYmoKPDwKL0YxIDIgMCBSIC9GMiAzIDAgUiAvRjMgNSAwIFIKPj4KZW5kb2JqCjIg
MCBvYmoKPDwKL0Jhc2VGb250IC9IZWx2ZXRpY2EgL0VuY29kaW5nIC9XaW5BbnNpRW5jb2Rpbmcg
L05hbWUgL0YxIC9TdWJ0eXBlIC9UeXBlMSAvVHlwZSAvRm9udAo+PgplbmRvYmoKMyAwIG9iago8
PAovQmFzZUZvbnQgL0hlbHZldGljYS1Cb2xkIC9FbmNvZGluZyAvV2luQW5zaUVuY29kaW5nIC9O
YW1lIC9GMiAvU3VidHlwZSAvVHlwZTEgL1R5cGUgL0ZvbnQKPj4KZW5kb2JqCjQgMCBvYmoKPDwK
L0JpdHNQZXJDb21wb25lbnQgOCAvQ29sb3JTcGFjZSAvRGV2aWNlUkdCIC9GaWx0ZXIgWyAvQVND
SUk4NURlY29kZSAvRmxhdGVEZWNvZGUgXSAvSGVpZ2h0IDI4MCAvTGVuZ3RoIDE5MTQwIC9TdWJ0
eXBlIC9JbWFnZSAKICAvVHlwZSAvWE9iamVjdCAvV2lkdGggNDU0Cj4+CnN0cmVhbQpHYiIvbEhh
J1lxPFFAQmpKSE1eYkdcUktzLllVYi06YmpPU1RVQylFQWZDNEFSWktGZD9yLl88QyN0bG8pbl8y
X0JTSm9VJzMmOjciSm1rXVRHaUxiJ18kXGo8NyFyayNlIyoiMVw4aUZuJGFwQVpoQTtYU2thKSJh
NnUuVl0wO2tbVChESGNIYl1JNkNNUXBNPEUzJSE8RTMlITxFMyUhPEUzJSE8RTMlITxFMyUhPEUz
JSE8RTMlITxFMyUhPEUzJSE8RTMlITxFMyUhPEUzJSE8RTMlIT5IYko+V1RJJGkmaztQLmc3Tisp
Uk9gWnFHaWRMZSw5dCc/Z3NpYVkjaTFiXCw/dFhkT15yMzdMXEUsLiZxKD9dNC0tNHRBS3RudSRR
JXU/JFNVLFo1MUg+JzFxcmRfYjc2SDI4OihPWyklZnAwVlFQVkJrY1JsKGlGM0BWLFo9ZSxdSmt0
N2tfaC5LR3E8ZWApYkNdSVwyWzhnR2Umay5UYmMxVm5dYSF1Ry43UTxnLCVDJkxwLmRWRlksRjpH
R1giIShQPmc4UjJYYDpdbnFEMT9cSGhQQHFmSCs4PUoySmBIZzFTYkI6MCZbQVo5S0RuYkpBX1tR
VW9UIyFsY0tbbVQzQ1M7P08vKEksIShyUlc/ZUEpUl85ZEQiXCwpZ1tkOSxsJkRkX2xuUmNJM1A4
WStwRUQ3SjFBQm8xYlBsRD8sZGwkb1RqYlhOIXQ/JF1XTT1XQV9XNCs7UlBHIydQNjArc0c+TUBD
NVcuZy9wN3ItRlJsNVQhbi0vKlVRM0dXX19aRURuPjpTIitbYWtZYFROKzIvX1xfQlM+ZUdbMVAi
cVl0LVctWWV0ZiQkJlFBJVVSZkhSYGoxXmBaJVwsLVsiWGs0QkhMdGRJMl8hamRxKzpSITJNYzFO
Sm4uREVEdElVLEJSImVOR3BWLjc/WFgkKlQhOFY4RyM9Zm02JFttUUFxXHMvUjRnRC9cRz1ZcWJX
NDllK2kncC9qJWhnK1JMJV9BNDBPWlMlOUBSVHQ9Mz5LU3IsSVAiWj5PbkQ2USJVK2FBc2tIVkQh
Q2E7X2tpU2x0OmlUMyxTTEtbWkxgXSlkc2cjMyw4QyFVMDMsSm4zTmVAIVgvaDNEXyI+UlkpKEE4
NU0tcEVnTGNJMVxxMU8vN2hJLEFDVHAoWyNLPzBBIlQ4ZT11ZHJeQTRZTCVRPUFZSE5rRSwmUVtx
aFkoXUAvWSNIQSFATSJHQztaZitvMmonM2NNX05rMS84WnBXOEo+PTwzKTxiJ1xXNkJXKD1mPlFi
cjhwT1wsZWtLMVlCZClZU29IQy9Nb2U8VjpsMWtLMzBDZSlWRiNeTTFlOShLW0ooVEJrLGdlUmI1
S3JILnAtWUZnTVtlVyc2MlpeP01yQCUwNGhKXyskbkllW1ZTb1RiNGpkZU9JJWNgJDM9UV5eZmct
LFVFNDFOLTY3OClwOl8hYCJqdU5kaFo4bVVPQigwb2tBZ0Y5cFpsPCEwSG1fMkRRSlhgX0JfSE5S
MXQxMlQhRVUoLmtBLUcnSXBMK2poKjdbLkBEUj0+bDxoW1ckNVhbZFw7WG02YEoqOlpJcF9dJ09B
PEpAJnNuT1YpIlpEWChEPUteTUk/Jk09OW04MjwnLF9nPCUnTTdzN2pTXUIwdVpCNnVLS28+UTBL
cFYrPSspNFokKVcscWtBVlYzKVVjaj9pTiFRSig7cUY+XEZCPkslRSYhLztQLFghUWhPQCYsb0ww
VmE0SS5ta05NTUNfPmIlXURdTmR1KDpsRlZmcHVcJXU0NTlmWW0yOV9ONnMsRzxcZVozWF0yRUwh
TWE4blc5Rl5AWGhGJ10pMD5fRGNaKl5jUCxZYCs2aV1NKTpqWjsrTj4jXy02MnJBYDFpPEI5cmNY
N3RCX0o3bFVbRW8zOFEiaE9LJHQ+PzBDMSloay01JHI+Jk9uakNWMl0lMkJqcUdka0BrO1dmP2xl
M1VBP15ccTUyPUYyWlFCcSJyZUVsPG9eJ1tLZ3Q6LzwjYWUqJjtxZjQiJD0uU09jXGRiMFxVZSdE
KEhWdCczaHQrOktyKFNOcVQuXmVZaHJeMmRMVTohQzU/cGZaOGxRKUUyZGoxZFpEX2cnQUxJPTxz
OlFmXHNOI0tMQjEjZEVaNjlBKGFEQWZZWVVRZzs7JFVaaydSQzUpaktwbCpBMjkhN0lJVDdSaSdd
XD5hODsmXDlMQzdecztSLDBBP00lZSErOyxsL15ERnJqOXFiPTlwdSgsIW5dKDErLz1JQWZVLUJt
Zk1IUVE5ckRPUzApQDEqV2c+OWpKLWRjczxWL19TbVc1OFl1XThHXStjTGQyLTV1bzJzXksyTmZE
cUUsaEpYbjhdUTo2UzU8Nmotc3R1bHUzJldadEhWKiZSZFA3bDw3a1NtUmpsIS9kQVJPMSxaO1JI
UDZeQl4nTEwpYTNxdTVPWWo9c010PTwwUWc4PCxDL0tCdGhnRW1hTERwNWg0YkpgUSNjaHJEZjBV
Xig9L3E3ITBvLzhdV0laKUhSbi0qQjcyWURTUThZJWdVa3BbLlM+UnNPPlkiWmZNc0FkZGsqbXRi
Z10vSmEpL05oTz1IL2ZdKClpbVk7SmgpRjVxSjBtJUlFVEA2cGRWJF9KJiw7Wyc9RW05bC9lSjRE
aic9M25mP208MWgvaGhmUlExIm9yQWA/bT9vNUM+QD1IY2o4SG1DKlFzbEBaYjI5QCMrSicmZV1V
KTdRWlstTkZhPktATEYiOEJhWlRHZDY/J1NxRD5xXlZUVEguIShfR0ApXTk1Z2ovL3U1N2QuIVMp
clk2O01eMjQnNDFtTTdPUV9UVmczRzVkLy9xLm8+SVpYZz5CbV09cDdXOFBWdCYiaj8kPF5ZNWhc
JEhhR0AmPTJnJF0vNj9mOVsjVCYrcSxhZlMnaU90KSQ2c2tWcGM9OlF1ZmdxUmFfU3BmU19UUikv
JiUvPyJOR2xQcVpHUitPZFtuOUU3WUs9JVdHQTE+XGd1PCNcLzwuLmFqZSo5bW5HJlFxQkNsQSpf
UkhxN2FmM2owJF9vXT9FVSZPVygkQW5JLkwoISpHdGs9cCdgaTcsLThkWT5tbFk9PyldYSFgPzVw
ZlY/VjNnRF4kQFAoTGFdQj1QP2s4T3NbVlZFTHNXLkVaT083L1pNVixScj5uKUUhKFd0QjxbTDFA
NVZyZj4laVRXOSFvNmAjLWddUzI2YXVGJysnTjAjYyFzMmRgL1NUMXBNYW1vPGE0PGxZJUFUOzEw
QT9JKylZXilaWlpzSzhrZnFYKVYoaTY2Z1NSV2Y6c1BMZGRLK0pLPFU6ODRgQUEpIXNHTzJPOT51
TShNdSZWXyxQZDgsSCxAbEk1T2pSaz9lWCEkTFlIQ2gscTlOTFJLcClQT2NARDFtZzUvPFdbOW0t
cmsiNkQ/LU1CXWxZLVoidFtbQ3VPQTlEO2pTO2c0cmoyVD5paElGUDVVVyEsOWJlLDl0Jz9nc2lh
WSNpMWJcLD90WGRPXnIzN0xcRSwuJnEoP100LS00dEFLdG51JFEldT8kU1UsWjUxSD4nMXFyZF9i
NzZIMjg6KE9bKSVmcDBWUVBWQmtjUmwoaUYzQFYsWj1lLF1Ka3Q3a19oLktHcTxlYCliQ11JXDJb
OGdHZSZrLlRiYzFWbl1hIXVHLjdRPGcsJUMmTHAuZFZGWSxGOkdHWCIhKFA+ZzhSMlhgOl1ucUQx
P1xIaFBAcWZIKzg9SjJKYEhnMVNiQjowJltBWjlLRG5iSkFfW1FVb1QjIWxjS1ttVDNDUzs/Ty8o
SSwhKHJSVz9lQSlSXzlkRCJcLClnW2Q5LGwmRGRfbG5SY0kzUDhZK3BFRDdKMUFCbzFiUGxEPyxk
bCRvVGpiWE4hdD8kXVdNPVdBX1c0KztSUEcjJ1A2MCtzRz5NQEM1Vy5nL3A3ci1GUmw1VCFuLS8q
VVEzR1dfX1pFRG4+OlMiK1tha1lgVE4rMi9fXF9CUz5lR1sxUCJxWXQtVy1ZZXRmJCQmUUElVVJm
SFJgajFeYFolXCwtWyJYazRCSEx0ZEkyXyFqZHErOlIhMk1jMU5Kbi5ERUR0SVUsQlIiZU5HcFYu
Nz9YWCQqVCE4VjhHIz1mbTYkW21RQXFccy9SNGdEL1xHPVlxYlc0OWUraSdwL2olaGcrUkwlX0E0
ME9aUyU5QFJUdD0zPktTcixJUCJaPk9uRDZRIlUrYUFza0hWRCFDYTtfa2lTbHQ6aVQzLFNMS1ta
TGBdKWRzZyMzLDhDIVUwMyxKbjNOZUAhWC9oM0RfIj5SWSkoQTg1TS1wRWdMY0kxXHExTy83aEks
QUNUcChbI0s/MEEiVDhlPXVkcl5BNFlMJVE9QVlITmtFLCZRW3FoWShdQC9ZI0hBIUBNIkdDO1pm
K28yaiczY01fTmsxLzhacFc4Sj49PDMpPGInXFc2QlcoPWY+UWJyOHBPXCxla0sxWUJkKVlTb0hD
L01vZTxWOmwxa0szMENlKVZGI15NMWU5KEtbSihUQmssZ2VSYjVLckgucC1ZRmdNW2VXJzYyWl4/
TXJAJTA0aEpfKyRuSWVbVlNvVGI0amRlT0klY2AkMz1RXl5mZy0sVUU0MU4tNjc4KXA6XyFgImp1
TmRoWjhtVU9CKDBva0FnRjlwWmw8ITBIbV8yRFFKWGBfQl9ITlIxdDEyVCFFVSgua0EtRydJcEwr
amgqN1suQERSPT5sPGhbVyQ1WFtkXDtYbTZgSio6WklwX10nT0E8SkAmc25PVikiWkRYKEQ9S15N
ST8mTT05bTgyPCcsX2c8JSdNN3M3alNdQjB1WkI2dUtLbz5RMEtwVis9Kyk0WiQpVyxxa0FWVjMp
VWNqP2lOIVFKKDtxRj5cRkI+SyVFJiEvO1AsWCFRaE9AJixvTDBWYTRJLm1rTk1NQ18+YiVdRF1O
ZHUoOmxGVmZwdVwldTQ1OWZZbTI5X042cyxHPFxlWjNYXTJFTCFNYThuVzlGXkBYaEYnXSkwPl9E
Y1oqXmNQLFlgKzZpXU0pOmpaOytOPiNfLTYyckFgMWk8QjlyY1g3dEJfSjdsVVtFbzM4USJoT0sk
dD4/MEMxKWhrLTUkcj4mT25qQ1YyXSUyQmpxR2RrQGs7V2Y/bGUzVUE/XlxxNTI9RjJaUUJxInJl
RWw8b14nW0tndDovPCNhZSomO3FmNCIkPS5TT2NcZGIwXFVlJ0QoSFZ0JzNodCs6S3IoU05xVC5e
ZVlocl4yZExVOiFDNT9wZlo4bFEpRTJkajFkWkRfZydBTEk9PHM6UWZcc04jS0xCMSNkRVo2OUEo
YURBZllZVVFnOzskVVprJ1JDNSlqS3BsKkEyOSE3SUlUN1JpJ11cPmE4OyZcOUxDN15zO1IsMEE/
TSVlISs7LGwvXkRGcmo5cWI9OXB1KCwhbl0oMSsvPUlBZlUtQm1mTUhRUTlyRE9TMClAMSpXZz45
akotZGNzPFYvX1NtVzU4WXVdOEddK2NMZDItNXVvMnNeSzJOZkRxRSxoSlhuOF1ROjZTNTw2ai1z
dHVsdTMmV1p0SFYqJlJkUDdsPDdrU21SamwhL2RBUk8xLFo7UkhQNl5CXidMTClhM3F1NU9Zaj1z
TXQ9PDBRZzg8LEMvS0J0aGdFbWFMRHA1aDRiSmBRI2NockRmMFVeKD0vcTchMG8vOF1XSVopSFJu
LSpCNzJZRFNROFklZ1VrcFsuUz5Sc08+WSJaZk1zQWRkayptdGJnXS9KYSkvTmhPPUgvZl0oKWlt
WTtKaClGNXFKMG0lSUVUQDZwZFYkX0omLDtbJz1FbTlsL2VKNERqJz0zbmY/bTwxaC9oaGZSUTEi
b3JBYD9tP281Qz5APUhjajhIbUMqUXNsQFpiMjlAIytKJyZlXVUpN1FaWy1ORmE+S0BMRiI4QmFa
VEdkNj8nU3FEPnFeVlRUSC4hKF9HQCldOTVnai8vdTU3ZC4hUylyWTY7TV4yNCc0MW1NN09RX1RW
ZzNHNWQvL3Eubz5JWlhnPkJtXT1wN1c4UFZ0JiJqPyQ8Xlk1aFwkSGFHQCY9MmckXS82P2Y5WyNU
JitxLGFmUydpT3QpJDZza1ZwYz06UXVmZ3FSYV9TcGZTX1RSKS8mJS8/Ik5HbFBxWkdSK09kW245
RTdZSz0lV0dBMT5cZ3U8I1wvPC4uYWplKjltbkcmUXFCQ2xBKl9SSHE3YWYzajAkX29dP0VVJk9X
KCRBbkkuTCghKkd0az1wJ2BpNywtOGRZPm1sWT0/KV1hIWA/NXBmVj9WM2dEXiRAUChMYV1CPVA/
azhPc1tWVkVMc1cuRVpPTzcvWk1WLFJyPm4pRSEoV3RCPFtMMUA1VnJmPiVpVFc5IW82YCMtZ11T
MjZhdUYnKydOMCNjIXMyZGAvU1QxcE1hbW88YTQ8bFklQVQ7MTBBP0krKVleKVpaWnNLOGtmcVgp
VihpNjZnU1JXZjpzUExkZEsrSks8VTo4NGBBQSkhc0dPMk85PnVNKE11JlZfLFBkOCxILEBsSTVP
alJrP2VYISRMWUhDaCxxOU5MUktwKVBPY0BEMW1nNS88V1s5bS1yayI2RD8tTUJdbFktWiJ0W1tD
dU9BOUQ7alM7ZzRyajJUPmloSUZQNVVXISw5YmUsOXQnP2dzaWFZI2kxYlwsP3RYZE9ecjM3TFxF
LC4mcSg/XTQtLTR0QUt0bnUkUSV1PyRTVSxaNTFIPicxcXJkX2I3NkgyODooT1spJWZwMFZRUFZC
a2NSbChpRjNAVixaPWUsXUprdDdrX2guS0dxPGVgKWJDXUlcMls4Z0dlJmsuVGJjMVZuXWEhdUcu
N1E8ZywlQyZMcC5kVkZZLEY6R0dYIiEoUD5nOFIyWGA6XW5xRDE/XEhoUEBxZkgrOD1KMkpgSGcx
U2JCOjAmW0FaOUtEbmJKQV9bUVVvVCMhbGNLW21UM0NTOz9PLyhJLCEoclJXP2VBKVJfOWREIlws
KWdbZDksbCZEZF9sblJjSTNQOFkrcEVEN0oxQUJvMWJQbEQ/LGRsJG9UamJYTiF0PyRdV009V0Ff
VzQrO1JQRyMnUDYwK3NHPk1AQzVXLmcvcDdyLUZSbDVUIW4tLypVUTNHV19fWkVEbj46UyIrW2Fr
WWBUTisyL19cX0JTPmVHWzFQInFZdC1XLVlldGYkJCZRQSVVUmZIUmBqMV5gWiVcLC1bIlhrNEJI
THRkSTJfIWpkcSs6UiEyTWMxTkpuLkRFRHRJVSxCUiJlTkdwVi43P1hYJCpUIThWOEcjPWZtNiRb
bVFBcVxzL1I0Z0QvXEc9WXFiVzQ5ZStpJ3AvaiVoZytSTCVfQTQwT1pTJTlAUlR0PTM+S1NyLElQ
Ilo+T25ENlEiVSthQXNrSFZEIUNhO19raVNsdDppVDMsU0xLW1pMYF0pZHNnIzMsOEMhVTAzLEpu
M05lQCFYL2gzRF8iPlJZKShBODVNLXBFZ0xjSTFccTFPLzdoSSxBQ1RwKFsjSz8wQSJUOGU9dWRy
XkE0WUwlUT1BWUhOa0UsJlFbcWhZKF1AL1kjSEEhQE0iR0M7WmYrbzJqJzNjTV9OazEvOFpwVzhK
Pj08Myk8YidcVzZCVyg9Zj5RYnI4cE9cLGVrSzFZQmQpWVNvSEMvTW9lPFY6bDFrSzMwQ2UpVkYj
Xk0xZTkoS1tKKFRCayxnZVJiNUtySC5wLVlGZ01bZVcnNjJaXj9NckAlMDRoSl8rJG5JZVtWU29U
YjRqZGVPSSVjYCQzPVFeXmZnLSxVRTQxTi02NzgpcDpfIWAianVOZGhaOG1VT0IoMG9rQWdGOXBa
bDwhMEhtXzJEUUpYYF9CX0hOUjF0MTJUIUVVKC5rQS1HJ0lwTCtqaCo3Wy5ARFI9Pmw8aFtXJDVY
W2RcO1htNmBKKjpaSXBfXSdPQTxKQCZzbk9WKSJaRFgoRD1LXk1JPyZNPTltODI8JyxfZzwlJ003
czdqU11CMHVaQjZ1S0tvPlEwS3BWKz0rKTRaJClXLHFrQVZWMylVY2o/aU4hUUooO3FGPlxGQj5L
JUUmIS87UCxYIVFoT0AmLG9MMFZhNEkubWtOTU1DXz5iJV1EXU5kdSg6bEZWZnB1XCV1NDU5Zllt
MjlfTjZzLEc8XGVaM1hdMkVMIU1hOG5XOUZeQFhoRiddKTA+X0RjWipeY1AsWWArNmldTSk6alo7
K04+I18tNjJyQWAxaTxCOXJjWDd0Ql9KN2xVW0VvMzhRImhPSyR0Pj8wQzEpaGstNSRyPiZPbmpD
VjJdJTJCanFHZGtAaztXZj9sZTNVQT9eXHE1Mj1GMlpRQnEicmVFbDxvXidbS2d0Oi88I2FlKiY7
cWY0IiQ9LlNPY1xkYjBcVWUnRChIVnQnM2h0KzpLcihTTnFULl5lWWhyXjJkTFU6IUM1P3BmWjhs
USlFMmRqMWRaRF9nJ0FMST08czpRZlxzTiNLTEIxI2RFWjY5QShhREFmWVlVUWc7OyRVWmsnUkM1
KWpLcGwqQTI5ITdJSVQ3UmknXVw+YTg7Jlw5TEM3XnM7UiwwQT9NJWUhKzssbC9eREZyajlxYj05
cHUoLCFuXSgxKy89SUFmVS1CbWZNSFFROXJET1MwKUAxKldnPjlqSi1kY3M8Vi9fU21XNThZdV04
R10rY0xkMi01dW8yc15LMk5mRHFFLGhKWG44XVE6NlM1PDZqLXN0dWx1MyZXWnRIViomUmRQN2w8
N2tTbVJqbCEvZEFSTzEsWjtSSFA2XkJeJ0xMKWEzcXU1T1lqPXNNdD08MFFnODwsQy9LQnRoZ0Vt
YUxEcDVoNGJKYFEjY2hyRGYwVV4oPS9xNyEwby84XVdJWilIUm4tKkI3MllEU1E4WSVnVWtwWy5T
PlJzTz5ZIlpmTXNBZGRrKm10YmddL0phKS9OaE89SC9mXSgpaW1ZO0poKUY1cUowbSVJRVRANnBk
ViRfSiYsO1snPUVtOWwvZUo0RGonPTNuZj9tPDFoL2hoZlJRMSJvckFgP20/bzVDPkA9SGNqOEht
QypRc2xAWmIyOUAjK0onJmVdVSk3UVpbLU5GYT5LQExGIjhCYVpUR2Q2PydTcUQ+cV5WVFRILiEo
X0dAKV05NWdqLy91NTdkLiFTKXJZNjtNXjI0JzQxbU03T1FfVFZnM0c1ZC8vcS5vPklaWGc+Qm1d
PXA3VzhQVnQmImo/JDxeWTVoXCRIYUdAJj0yZyRdLzY/ZjlbI1QmK3EsYWZTJ2lPdCkkNnNrVnBj
PTpRdWZncVJhX1NwZlNfVFIpLyYlLz8iTkdsUHFaR1IrT2RbbjlFN1lLPSVXR0ExPlxndTwjXC88
Li5hamUqOW1uRyZRcUJDbEEqX1JIcTdhZjNqMCRfb10/RVUmT1coJEFuSS5MKCEqR3RrPXAnYGk3
LC04ZFk+bWxZPT8pXWEhYD81cGZWP1YzZ0ReJEBQKExhXUI9UD9rOE9zW1ZWRUxzVy5FWk9PNy9a
TVYsUnI+bilFIShXdEI8W0wxQDVWcmY+JWlUVzkhbzZgIy1nXVMyNmF1RicrJ04wI2MhczJkYC9T
VDFwTWFtbzxhNDxsWSVBVDsxMEE/SSspWV4pWlpac0s4a2ZxWClWKGk2NmdTUldmOnNQTGRkSytK
SzxVOjg0YEFBKSFzR08yTzk+dU0oTXUmVl8sUGQ4LEgsQGxJNU9qUms/ZVghJExZSENoLHE5TkxS
S3ApUE9jQEQxbWc1LzxXWzltLXJrIjZEPy1NQl1sWS1aInRbW0N1T0E5RDtqUztnNHJqMlQ+aWhJ
RlA1VVchLDliZSw5dCc/Z3NpYVkjaTFiXCw/dFhkT15yMzdMXEUsLiZxKD9dNC0tNHRBS3RudSRR
JXU/JFNVLFo1MUg+JzFxcmRfYjc2SDI4OihPWyklZnAwVlFQVkJrY1JsKGlGM0BWLFo9ZSxdSmt0
N2tfaC5LR3E8ZWApYkNdSVwyWzhnR2Umay5UYmMxVm5dYSF1Ry43UTxnLCVDJkxwLmRWRlksRjpH
R1giIShQPmc4UjJYYDpdbnFEMT9cSGhQQHFmSCs4PUoySmBIZzFTYkI6MCZbQVo5S0RuYkpBX1tR
VW9UIyFsY0tbbVQzQ1M7P08vKEksIShyUlc/ZUEpUl85ZEQiXCwpZ1tkOSxsJkRkX2xuUmNJM1A4
WStwRUQ3SjFBQm8xYlBsRD8sZGwkb1RqYlhOIXQ/JF1XTT1XQV9XNCs7UlBHIydQNjArc0c+TUBD
NVcuZy9wN3ItRlJsNVQhbi0vKlVRM0dXX19aRURuPjpTIitbYWtZYFROKzIvX1xfQlM+ZUdbMVAi
cVl0LVctWWV0ZiQkJlFBJVVSZkhSYGoxXmBaJVwsLVsiWGs0QkhMdGRJMl8hamRxKzpSITJNYzFO
Sm4uREVEdElVLEJSImVOR3BWLjc/WFgkKlQhOFY4RyM9Zm02JFttUUFxXHMvUjRnRC9cRz1ZcWJX
NDllK2kncC9qJWhnK1JMJV9BNDBPWlMlOUBSVHQ9Mz5LU3IsSVAiWj5PbkQ2USJVK2FBc2tIVkQh
Q2E7X2tpU2x0OmlUMyxTTEtbWkxgXSlkc2cjMyw4QyFVMDMsSm4zTmVAIVgvaDNEXyI+UlkpKEE4
NU0tcEVnTGNJMVxxMU8vN2hJLEFDVHAoWyNLPzBBIlQ4ZT11ZHJeQTRZTCVRPUFZSE5rRSwmUVtx
aFkoXUAvWSNIQSFATSJHQztaZitvMmonM2NNX05rMS84WnBXOEo+PTwzKTxiJ1xXNkJXKD1mPlFi
cjhwT1wsZWtLMVlCZClZU29IQy9Nb2U8VjpsMWtLMzBDZSlWRiNeTTFlOShLW0ooVEJrLGdlUmI1
S3JILnAtWUZnTVtlVyc2MlpeP01yQCUwNGhKXyskbkllW1ZTb1RiNGpkZU9JJWNgJDM9UV5eZmct
LFVFNDFOLTY3OClwOl8hYCJqdU5kaFo4bVVPQigwb2tBZ0Y5cFpsPCEwSG1fMkRRSlhgX0JfSE5S
MXQxMlQhRVUoLmtBLUcnSXBMK2poKjdbLkBEUj0+bDxoW1ckNVhbZFw7WG02YEoqOlpJcF9dJ09B
PEpAJnNuT1YpIlpEWChEPUteTUk/Jk09OW04MjwnLF9nPCUnTTdzN2pTXUIwdVpCNnVLS28+UTBL
cFYrPSspNFokKVcscWtBVlYzKVVjaj9pTiFRSig7cUY+XEZCPkslRSYhLztQLFghUWhPQCYsb0ww
VmE0SS5ta05NTUNfPmIlXURdTmR1KDpsRlZmcHVcJXU0NTlmWW0yOV9ONnMsRzxcZVozWF0yRUwh
TWE4blc5Rl5AWGhGJ10pMD5fRGNaKl5jUCxZYCs2aV1NKTpqWjsrTj4jXy02MnJBYDFpPEI5cmNY
N3RCX0o3bFVbRW8zOFEiaE9LJHQ+PzBDMSloay01JHI+Jk9uakNWMl0lMkJqcUdka0BrO1dmP2xl
M1VBP15ccTUyPUYyWlFCcSJyZUVsPG9eJ1tLZ3Q6LzwjYWUqJjtxZjQiJD0uU09jXGRiMFxVZSdE
KEhWdCczaHQrOktyKFNOcVQuXmVZaHJeMmRMVTohQzU/cGZaOGxRKUUyZGoxZFpEX2cnQUxJPTxz
OlFmXHNOI0tMQjEjZEVaNjlBKGFEQWZZWVVRZzs7JFVaaydSQzUpaktwbCpBMjkhN0lJVDdSaSdd
XD5hODsmXDlMQzdecztSLDBBP00lZSErOyxsL15ERnJqOXFiPTlwdSgsIW5dKDErLz1JQWZVLUJt
Zk1IUVE5ckRPUzApQDEqV2c+OWpKLWRjczxWL19TbVc1OFl1XThHXStjTGQyLTV1bzJzXksyTmZE
cUUsaEpYbjhdUTo2UzU8Nmotc3R1bHUzJldadEhWKiZSZFA3bDw3a1NtUmpsIS9kQVJPMSxaO1JI
UDZeQl4nTEwpYTNxdTVPWWo9c010PTwwUWc4PCxDL0tCdGhnRW1hTERwNWg0YkpgUSNjaHJEZjBV
Xig9L3E3ITBvLzhdV0laKUhSbi0qQjcyWURTUThZJWdVa3BbLlM+UnNPPlkiWmZNc0FkZGsqbXRi
Z10vSmEpL05oTz1IL2ZdKClpbVk7SmgpRjVxSjBtJUlFVEA2cGRWJF9KJiw7Wyc9RW05bC9lSjRE
aic9M25mP208MWgvaGhmUlExIm9yQWA/bT9vNUM+QD1IY2o4SG1DKlFzbEBaYjI5QCMrSicmZV1V
KTdRWlstTkZhPktATEYiOEJhWlRHZDY/J1NxRD5xXlZUVEguIShfR0ApXTk1Z2ovL3U1N2QuIVMp
clk2O01eMjQnNDFtTTdPUV9UVmczRzVkLy9xLm8+SVpYZz5CbV09cDdXOFBWdCYiaj8kPF5ZNWhc
JEhhR0AmPTJnJF0vNj9mOVsjVCYrcSxhZlMnaU90KSQ2c2tWcGM9OlF1ZmdxUmFfU3BmU19UUikv
JiUvPyJOR2xQcVpHUitPZFtuOUU3WUs9JVdHQTE+XGd1PCNcLzwuLmFqZSo5bW5HJlFxQkNsQSpf
UkhxN2FmM2owJF9vXT9FVSZPVygkQW5JLkwoISpHdGs9cCdgaTcsLThkWT5tbFk9PyldYSFgPzVw
ZlY/VjNnRF4kQFAoTGFdQj1QP2s4T3NbVlZFTHNXLkVaT083L1pNVixScj5uKUUhKFd0QjxbTDFA
NVZyZj4laVRXOSFvNmAjLWddUzI2YXVGJysnTjAjYyFzMmRgL1NUMXBNYW1vPGE0PGxZJUFUOzEw
QT9JKylZXilaWlpzSzhrZnFYKVYoaTY2Z1NSV2Y6c1BMZGRLK0pLPFU6ODRgQUEpIXNHTzJPOT51
TShNdSZWXyxQZDgsSCxAbEk1T2pSaz9lWCEkTFlIQ2gscTlOTFJLcClQT2NARDFtZzUvPFdbOW0t
cmsiNkQ/LU1CXWxZLVoidFtbQ3VPQTlEO2pTO2c0cmoyVD5paElGUDVVVyEsOWJlLDl0Jz9nc2lh
WSNpMWJcLD90WGRPXnIzN0xcRSwuJnEoP100LS00dEFLdG51JFEldT8kU1UsWjUxSD4nMXFyZF9i
NzZIMjg6KE9bKSVmcDBWUVBWQmtjUmwoaUYzQFYsWj1lLF1Ka3Q3a19oLktHcTxlYCliQ11JXDJb
OGdHZSZrLlRiYzFWbl1hIXVHLjdRPGcsJUMmTHAuZFZGWSxGOkdHWCIhKFA+ZzhSMlhgOl1ucUQx
P1xIaFBAcWZIKzg9SjJKYEhnMVNiQjowJltBWjlLRG5iSkFfW1FVb1QjIWxjS1ttVDNDUzs/Ty8o
SSwhKHJSVz9lQSlSXzlkRCJcLClnW2Q5LGwmRGRfbG5SY0kzUDhZK3BFRDdKMUFCbzFiUGxEPyxk
bCRvVGpiWE4hdD8kXVdNPVdBX1c0KztSUEcjJ1A2MCtzRz5NQEM1Vy5nL3A3ci1GUmw1VCFuLS8q
VVEzR1dfX1pFRG4+OlMiK1tha1lgVE4rMi9fXF9CUz5lR1sxUCJxWXQtVy1ZZXRmJCQmUUElVVJm
SFJgajFeYFolXCwtWyJYazRCSEx0ZEkyXyFqZHErOlIhMk1jMU5Kbi5ERUR0SVUsQlIiZU5HcFYu
Nz9YWCQqVCE4VjhHIz1mbTYkW21RQXFccy9SNGdEL1xHPVlxYlc0OWUraSdwL2olaGcrUkwlX0E0
ME9aUyU5QFJUdD0zPktTcixJUCJaPk9uRDZRIlUrYUFza0hWRCFDYTtfa2lTbHQ6aVQzLFNMS1ta
TGBdKWRzZyMzLDhDIVUwMyxKbjNOZUAhWC9oM0RfIj5SWSkoQTg1TS1wRWdMY0kxXHExTy83aEks
QUNUcChbI0s/MEEiVDhlPXVkcl5BNFlMJVE9QVlITmtFLCZRW3FoWShdQC9ZI0hBIUBNIkdDO1pm
K28yaiczY01fTmsxLzhacFc4Sj49PDMpPGInXFc2QlcoPWY+UWJyOHBPXCxla0sxWUJkKVlTb0hD
L01vZTxWOmwxa0szMENlKVZGI15NMWU5KEtbSihUQmssZ2VSYjVLckgucC1ZRmdNW2VXJzYyWl4/
TXJAJTA0aEpfKyRuSWVbVlNvVGI0amRlT0klY2AkMz1RXl5mZy0sVUU0MU4tNjc4KXA6XyFgImp1
TmRoWjhtVU9CKDBva0FnRjlwWmw8ITBIbV8yRFFKWGBfQl9ITlIxdDEyVCFFVSgua0EtRydJcEwr
amgqN1suQERSPT5sPGhbVyQ1WFtkXDtYbTZgSio6WklwX10nT0E8SkAmc25PVikiWkRYKEQ9S15N
ST8mTT05bTgyPCcsX2c8JSdNN3M3alNdQjB1WkI2dUtLbz5RMEtwVis9Kyk0WiQpVyxxa0FWVjMp
VWNqP2lOIVFKKDtxRj5cRkI+SyVFJiEvO1AsWCFRaE9AJixvTDBWYTRJLm1rTk1NQ18+YiVdRF1O
ZHUoOmxGVmZwdVwldTQ1OWZZbTI5X042cyxHPFxlWjNYXTJFTCFNYThuVzlGXkBYaEYnXSkwPl9E
Y1oqXmNQLFlgKzZpXU0pOmpaOytOPiNfLTYyckFgMWk8QjlyY1g3dEJfSjdsVVtFbzM4USJoT0sk
dD4/MEMxKWhrLTUkcj4mT25qQ1YyXSUyQmpxR2RrQGs7V2Y/bGUzVUE/XlxxNTI9RjJaUUJxInJl
RWw8b14nW0tndDovPCNhZSomO3FmNCIkPS5TT2NcZGIwXFVlJ0QoSFZ0JzNodCs6S3IoU05xVC5e
ZVlocl4yZExVOiFDNT9wZlo4bFEpRTJkajFkWkRfZydBTEk9PHM6UWZcc04jS0xCMSNkRVo2OUEo
YURBZllZVVFnOzskVVprJ1JDNSlqS3BsKkEyOSE3SUlUN1JpJ11cPmE4OyZcOUxDN15zO1IsMEE/
TSVlISs7LGwvXkRGcmo5cWI9OXB1KCwhbl0oMSsvPUlBZlUtQm1mTUhRUTlyRE9TMClAMSpXZz45
akotZGNzPFYvX1NtVzU4WXVdOEddK2NMZDItNXVvMnNeSzJOZkRxRSxoSlhuOF1ROjZTNTw2ai1z
dHVsdTMmV1p0SFYqJlJkUDdsPDdrU21SamwhL2RBUk8xLFo7UkhQNl5CXidMTClhM3F1NU9Zaj1z
TXQ9PDBRZzg8LEMvS0J0aGdFbWFMRHA1aDRiSmBRI2NockRmMFVeKD0vcTchMG8vOF1XSVopSFJu
LSpCNzJZRFNROFklZ1VrcFsuUz5Sc08+WSJaZk1zQWRkayptdGJnXS9KYSkvTmhPPUgvZl0oKWlt
WTtKaClGNXFKMG0lSUVUQDZwZFYkX0omLDtbJz1FbTlsL2VKNERqJz0zbmY/bTwxaC9oaGZSUTEi
b3JBYD9tP281Qz5APUhjajhIbUMqUXNsQFpiMjlAIytKJyZlXVUpN1FaWy1ORmE+S0BMRiI4QmFa
VEdkNj8nU3FEPnFeVlRUSC4hKF9HQCldOTVnai8vdTU3ZC4hUylyWTY7TV4yNCc0MW1NN09RX1RW
ZzNHNWQvL3Eubz5JWlhnPkJtXT1wN1c4UFZ0JiJqPyQ8Xlk1aFwkSGFHQCY9MmckXS82P2Y5WyNU
JitxLGFmUydpT3QpJDZza1ZwYz06UXVmZ3FSYV9TcGZTX1RSKS8mJS8/Ik5HbFBxWkdSK09kW245
RTdZSz0lV0dBMT5cZ3U8I1wvPC4uYWplKjltbkcmUXFCQ2xBKl9SSHE3YWYzajAkX29dP0VVJk9X
KCRBbkkuTCghKkd0az1wJ2BpNywtOGRZPm1sWT0/KV1hIWA/NXBmVj9WM2dEXiRAUChMYV1CPVA/
azhPc1tWVkVMc1cuRVpPTzcvWk1WLFJyPm4pRSEoV3RCPFtMMUA1VnJmPiVpVFc5IW82YCMtZ11T
MjZhdUYnKydOMCNjIXMyZGAvU1QxcE1hbW88YTQ8bFklQVQ7MTBBP0krKVleKVpaWnNLOGtmcVgp
VihpNjZnU1JXZjpzUExkZEsrSks8VTo4NGBBQSkhc0dPMk85PnVNKE11JlZfLFBkOCxILEBsSTVP
alJrP2VYISRMWUhDaCxxOU5MUktwKVBPY0BEMW1nNS88V1s5bS1yayI2RD8tTUJdbFktWiJ0W1tD
dU9BOUQ7alM7ZzRyajJUPmloSUZQNVVXISw5YmUsOXQnP2dzaWFZI2kxYlwsP3RYZE9ecjM3TFxF
LC4mcSg/XTQtLTR0QUt0bnUkUSV1PyRTVSxaNTFIPicxcXJkX2I3NkgyODooT1spJWZwMFZRUFZC
a2NSbChpRjNAVixaPWUsXUprdDdrX2guS0dxPGVgKWJDXUlcMls4Z0dlJmsuVGJjMVZuXWEhdUcu
N1E8ZywlQyZMcC5kVkZZLEY6R0dYIiEoUD5nOFIyWGA6XW5xRDE/XEhoUEBxZkgrOD1KMkpgSGcx
U2JCOjAmW0FaOUtEbmJKQV9bUVVvVCMhbGNLW21UM0NTOz9PLyhJLCEoclJXP2VBKVJfOWREIlws
KWdbZDksbCZEZF9sblJjSTNQOFkrcEVEN0oxQUJvMWJQbEQ/LGRsJG9UamJYTiF0PyRdV009V0Ff
VzQrO1JQRyMnUDYwK3NHPk1AQzVXLmcvcDdyLUZSbDVUIW4tLypVUTNHV19fWkVEbj46UyIrW2Fr
WWBUTisyL19cX0JTPmVHWzFQInFZdC1XLVlldGYkJCZRQSVVUmZIUmBqMV5gWiVcLC1bIlhrNEJI
THRkSTJfIWpkcSs6UiEyTWMxTkpuLkRFRHRJVSxCUiJlTkdwVi43P1hYJCpUIThWOEcjPWZtNiRb
bVFBcVxzL1I0Z0QvXEc9WXFiVzQ5ZStpJ3AvaiVoZytSTCVfQTQwT1pTJTlAUlR0PTM+S1NyLElQ
Ilo+T25ENlEiVSthQXNrSFZEIUNhO19raVNsdDppVDMsU0xLW1pMYF0pZHNnIzMsOEMhVTAzLEpu
M05lQCFYL2gzRF8iPlJZKShBODVNLXBFZ0xjSTFccTFPLzdoSSxBQ1RwKFsjSz8wQSJUOGU9dWRy
XkE0WUwlUT1BWUhOa0UsJlFbcWhZKF1AL1kjSEEhQE0iR0M7WmYrbzJqJzNjTV9OazEvOFpwVzhK
Pj08Myk8YidcVzZCVyg9Zj5RYnI4cE9cLGVrSzFZQmQpWVNvSEMvTW9lPFY6bDFrSzMwQ2UpVkYj
Xk0xZTkoS1tKKFRCayxnZVJiNUtySC5wLVlGZ01bZVcnNjJaXj9NckAlMDRoSl8rJG5JZVtWU29U
YjRqZGVPSSVjYCQzPVFeXmZnLSxVRTQxTi02NzgpcDpfIWAianVOZGhaOG1VT0IoMG9rQWdGOXBa
bDwhMEhtXzJEUUpYYF9CX0hOUjF0MTJUIUVVKC5rQS1HJ0lwTCtqaCo3Wy5ARFI9Pmw8aFtXJDVY
W2RcO1htNmBKKjpaSXBfXSdPQTxKQCZzbk9WKSJaRFgoRD1LXk1JPyZNPTltODI8JyxfZzwlJ003
czdqU11CMHVaQjZ1S0tvPlEwS3BWKz0rKTRaJClXLHFrQVZWMylVY2o/aU4hUUooO3FGPlxGQj5L
JUUmIS87UCxYIVFoT0AmLG9MMFZhNEkubWtOTU1DXz5iJV1EXU5kdSg6bEZWZnB1XCV1NDU5Zllt
MjlfTjZzLEc8XGVaM1hdMkVMIU1hOG5XOUZeQFhoRiddKTA+X0RjWipeY1AsWWArNmldTSk6alo7
K04+I18tNjJyQWAxaTxCOXJjWDd0Ql9KN2xVW0VvMzhRImhPSyR0Pj8wQzEpaGstNSRyPiZPbmpD
VjJdJTJCanFHZGtAaztXZj9sZTNVQT9eXHE1Mj1GMlpRQnEicmVFbDxvXidbS2d0Oi88I2FlKiY7
cWY0IiQ9LlNPY1xkYjBcVWUnRChIVnQnM2h0KzpUTExxV2lFKSFXaUUpIVdpRSkhV2lFKSFXaUUp
IVdpRSkhV2lFKSFXaUUpIVdpRSkhV2lFKSFXaUUpIVdpRSkhV2lFKSFXaUUpIVdpRSkhV2lFKSFX
aUUpIVdpRSkhV2lFKSFXaUUpIVdpRSkhV2lFKSFXaUUpIVdpP3REZjNFQ0FiP2puSjZPdT4lajJS
Jz9uJUE3RSs4ayVBTl0/JDhEZ1U0dF5cUS0kMGtzNlJGNVFWZTJhLUowY2U8bUtyVityU08uQ0lK
QnM1NUQzcDw1aE5dbSpnJFNKc0ldQU5TVF1nPVRicnFqSjFxcjNNZTU0UVEpJW0wLV5hX28tPkdN
S0UyX21LNGFPJCVIJ15cLS9eQEYhOkJdO2c0WURTLDlvblglTzs7KkZXWE8uP0E7cDlCXCdrPEpK
TTVOKVpranRpWSpKS09aPFxgTidPSiw3dUZoYFtLRVdaVjYhKzZMNllwcVIsPm8iND4kbF9LXz5n
NCZxZGBJcERLaCIxSThjXElSdXFQMidhOiV0KCk6SHM5OmgwKFNAKnI9Nj0/QChrND4vSiZQYkov
ImZlVSNXJD9JVkNBZFAoUV5HNEJZVlM8ZTZTSkhtNj1lNTouMGI/TV5OTkdsVWREbHVfY1xgPixm
bmc9bTZsLyRbVWFYOWw2KWldcVZJZ3A7K2pkJ1ZRQjpYMXJGRCUzNWs8SnQrNTxfZjZGLlZyZVZl
aEshZVwrdVdtTihzLj9oaE0xSitOTDQtVHA+b1JsNS0rVE5XOl9jXkFcSkxFQ3VUUmt0IiFHOTtE
WzskNjNfZ1pgZE9xY287KlREUkYsZ2lMZFY2Yysmc2osWkY9TSkrTHQ6IzVRWHBIQFcmO3NxMFUl
WDcpN14lLkdsU0c1XEIrOTFqUUNFXUpQKUxVcGY/YUNGMk5yIjclbV9xOVFvS1ZGPiVRSWsxcGgs
JzxCNVlLX3AqP1pHZDxGKFI6LGxbcnEicWVvcWQwPSFmQUNdITojR3NEXCQqSThiK2siXUhOJ10o
UTFEc1tycGQqJTI6MWJrWUJuYWFgUj46YFU1TFhtKmcsbz1rPCEmS2lZVU1MaFkwY0BUMnFyanJT
UlhnJWdoLGpxZSgkS05rMmJCclRIYiRsV2A4UEdRLktTczgvaUs1UTAlcUlISHIxPz9iNEplKFVd
SVxsVy1WYFFNV2ZvKTg6OkR0QlM+R0xUSz4lSS91TXMuaV1xMTtEaWltaVg0T05dUitIPyUnUDNh
PD8/Llk7Y11hZWxNMyFkZ1o+ZEJRX2oqPTNVYG85QjQySl08JlBOSE4jXi1uNytdVkEoLmN1bSYz
ZCllLDxncEwoM2BCblJhUTQwbi9oL0lzL1FnKE9rPFplaF87bFNNRUUyZ3BoQGFvVzU3LF5qKkFl
UyxAQF1SVmwwVGxnRTxUYU5vLldGLFl0KXMlcWkuR00kPloybm5nQWlgO3REbztBLiZnK0wjKFU+
OFpPclxhS0lmPiMmTz9ALEVIMDZtS2ZURSIxWF5cW290SixiI3JhKydWI2M4ZyM7aDhVci9OXUs8
PlNYcFJ0cmFoU3U/KTFCIyVEQU4jbFdNUSYhRkdaV2ZDZyJTcylya1ZWZ2BCcGstK2RMWUhqb21m
cSFRYmclMjlJJW0zXCMkIV9QcjI9amxaR01JMlkvYz5iNUMvK0gnSC9gY0FrJjlyMF5rX2Zaczdy
OTdQNTM4Yk5bLnFTYHVUQmpeXTQ8KUFUKWgyKWYzMU80dWtjUygmcXQqP05bUzRwMkJ1Pm1cbmxC
QV9eLUFEOycqTSZQKCdzOVhmVSxJSGFEWDwsOk9eM0ZEYU09NkgncG1ecXFqSUZbYjskU0llaSVt
VSFdbSYzZCkwNnRaNGsjblVSSEUodUhsPi1GYTYnJSJwbVElP0JbbmhHOzt1SlRPaVZvKkxxM0Nj
dTVRJkRgJ1gpZixDTC9mKDFIajNJQEJVLGdtJ05jU2xGJ2QzbiM0XU5cdS5ka2wxNSlVbSdHIzQy
cjFoVVc3SnVFRjVIbGBHTCthMXBVb1snUVZCLCgrN09kY0NxYV9gU1Rha1VzODozbVcpN2BhSWVM
KlxVcEo/LWJJSStXOk9DZkNqYSQkWyhFPCtyTyspMFxIL3AxbC46MG42bVBFLUpBJXFORWNbRHNA
YyZfZURPM0g0J2tYLUdMQEJVLGdtJ05jU2xGJ2MobiM1LkJtV1ZhKTc7VWJobl8uY15oKVxNTmo2
ZXEuJE1IWEdXREBzLUktJzhgYy81PGROTyFvaSRYWWsoM3JBOU1OQFVYa04rXkA5cnIoYVNJO0lc
W1QoQUk0Ny9NXXVKJTJCc2M8IWIicjtNOkRJLFloMiJWNXErSzhfSSJcaSZ1XmUjTWk3Z0tvbFFV
RTRYN0VVdDhIczVWXEVkWm0sKzJYWzBDcVlnV2ZnWT9qRTAwSkRKczU0RmUrPm1udWgmRzhIYGQs
cVM/aUcqK2IoQzBiQllPJVlURE1sJGVucW5QW2BeOzhDZWlXLmtGSyNpZSs4P0FvaiVwRiotNGYn
Xyd1OlAxMStFT1lwOzNyWi4jYEBXN3RWZl1WRCdHbyNeTSFtXnFyZVlRK0kmPkVgZj1jb2wjZlJY
TylqaEtQUT9rRkhmOChWZkVlbiFnTU5UJGxbZ1hjOXJmSWZBcjJUPi8sc2godUleWS5zdTRxJkFz
ZUhJU14hWmVrV0IycFlBbCpIZFRpKTFULjxxcS9zNz0uWEVPKT5zXzdISUEjPiRgPC9DbSdZNiVT
UTlsJ2g9YlU1KkhjXDoxRVRAZjkubXNSaWlQbl5bVzleSVw4Z1IkZzMxKCE5W0FvSGcxZEpMNTdd
c1FpMFYrOyxwMm90I01iWXMyciZBaTRTalU+SSVZb1hVY0RlMGtiM2RvNz8rVi0+Y1tubjQ3MEUo
cT9vMnVnLC1SSElDY1ZuRG4rPjQmdCZ1UW46TWg0L3FYXS9cYF1QRz9hZjonXUFAU08vY0BRVS8s
Zjo0JXRGQWwxJGw8cU8uQjxvOCk8bFJhO3NxTHM3QitNUE5pLDZqOUlmJjttIT4hXmVfYjQ+XVBa
NW8jWFtWRWteMVMyTCtWc2Y/UDMkWmQxZ1w7NTxKOWY2PXQjU15qcCs6PHN1WlkmQWFTPkJldFFw
UXJWZFYvc3BCQjdATlloK2xsKGYhaTVBQGY+JnJyUydIbyNDbDRKTkRCajcqcHNAIVgnYmhqS2Ju
KGpKZXUoLUlhNVYpcD1tQEo/MTcnIkRTUS9EZVNUXXIxUzlNZFlEbiJ0WyZRNFFbVERlMFVKPipx
SXVXKE9JWzBTJlhsNW0lUlU1UyhZNlcyRFZXW2ZtKFZWUzFnY3B1PyhjQkhSWTNHclpMLFpiUilJ
dTYxJXJWLzo7ZXVGMUQtRl5PXT4mLGRcT0FfPUZoZSJfQlx0L0txPCIvSllNPmtdNVc6Um9aLiNg
QFc3dFhcbzheQ2pfaFMuXFZyLjxxR0FfaS9XTVowXG9ROUVkRGglWlYiUVRARVlKOUo1Z1s7Wj1Y
dFA7I2JMOk9wP2kuNjxdQU5TVDJlUGxdRW8taXFwUFUzWFQ3P2lmZyQ4U1hjOTFeQnJWLDMhSEVt
OlVhJCI+Pk5uYGlbKC9GW047NTxLSF0nUWBHKnE+JVZvUVJEZGlSaFkkU1hwZ2EmQCItMWc5ZyU3
SGQ3Mm8/JERpWjB0YTo8czhNYmJtYGFTZnA6JUgiWDA5NmBvbTVYalwmTFVUPjFGWDlnVCxKUjs4
cTchTyQtdDApSTxyPj5MUGglZVtNWEteQUk/WEYtdVJFNClfaUZJYChtRSRlVkdVSW9EaV9WY1Yk
QWtLVD5KIz1hXVlScW09PXI6PC9Rb0NoNFNiOl5Ec0ZPRWJNQG5FK21yTDBZXVo9U3JjVUo8YV9t
OU5oXD9baGg5UTBcNiZfUUVGXmVLJmVlWCY0KWpcJVYwRzVQSzRgMnVpJVE3aVxlKltmVTBzOzpp
UFZXcG9vI3M4MiE/UWJEYHNyQUVTdVA6TmZHQFRAVGRyViJ1bipkRVxgTV0tMDlcTHRTZmRjbSgw
cTZEI2FmXHFOO0ksUUI8PmRGMGg7UGs4N2tGP1Y9bD9BSSY1NThPYitlaiRAblZMJjMnQVYxanA8
V0VoRW0kJE4/JCtLOS1fRU8iVDZlNjxmNzNiTnFqXkgzcVU7TFcqV0AlJHBnW0JMZTg7Q0RnZWhH
UV0lPSc0bipCU0dUNFA6IXBUPmR0OzVdamgyOidEKDJcQTdFT2NSXiZYRjozO04mL2MzR01kaEhW
ZXNvXzMyWWpnUmgrbT5URkhodUFOLy5AXkBJUWJiR1JHaVxEb2dPX2EhZUZnaUxlKV5cWSJHM18r
Jk8tYCdNPzshK3FiOWVWVWErIVpASnBKIVUmWy8oaWtybFdiM0RSWz9gVU1jWENZM3I3Qz9FTzZm
SEhJXDdiXlsicixMbV9rRCMhQDA1SixJRT9xbWg1PTVSWkNJc2w4LjZnRTd1OiM6RnVZWyJmPj9N
cmUhY1BJRjo4IlpAbTUzdVxnUyQxVkFwTVtfKCdzRXVETyQ8RFJwTmxnWD9bX1V0bz1dSVJeJVUx
WD1oQWBMXCpoZV1SSHNaVHM0MkpebEFpSUNlTjMvdGRyVThvNUokYVtdKzZwX09TTVpvbzlkUzo/
TWlwQTs1WkpBWWYjVm1KLEk/OkQjU1BRXlZLY0ZtZGxHJmBVXENycyRqcVg7N3BfV2tydVpTSE4z
OzxzMS9mTXFDW2U4cm9JTEEhN04xLHFBSj5TaCNeZ1FFM0s4XkJFKVpKWDU9Q2tjaGdTS2M9OXEi
ZTg7Q0RJbz1FaD0nYDYxT19ea2VJZXFXaGlqSlVgK1JhVSVIXlswaT9MWSpdYyJpbVMyNzw6dTFC
I04lJT8wOlhnVD5xbmBxWSthYnIlWilSa05XRm4lQm1bS2JuJlRHTztsc0ljUSFYPlApbSxHMXBb
JWBAJTBwNk0lKk5HZXQtVjVAKVVlU1tRZ1I9Kk4vMlk7LztkRHRSYkRHTS1Qb15rXGNBTWcqW1lW
PmFeYS9ES1RyczgmcV41QlhfJUhLVWlDYzUxRTZyViJdN0wmYW9WUGR0UlVxK2syJmtpI2pdSUoi
XEpvJVVxWGdbaCYjMC9zZUs1TSc2V1cyLmEwSUhYJD8zYV9LVzdtLjRZQHBCTlpZREhtJShWYClC
SDtAWitMQ09jUEpuPF44YEYmUF5yMjM+OmRaYSRyNDc5VWddOU9SWVVVcC1MPk5eNE06LGgsTkRu
TTJkRHBjSGMvU0RmbUVLPkhPbztBWVhiaG9wTWoqS1IkWjUiRm1cdGEuaVExUHNuUVg1IiZsTDBg
STVRPypeJ3MsJThcbmdzSiQwIWxzPF41XiZyYTx0R1MqJkUwQGgrRzlAXmw0IjY2PmopTFk2Q0JZ
UFAwSyk/YUlAbzFTbyIwNW83VV4mJDo4LEVGc21xOiJSRF0nbUIxYzUzU0ZvMjMhNkBvbW0oRDZO
TVpjZF9MKiskWCpqNGA6b3NdUjpuO1hTOUknXWxXY0JJX3F0cm5zLUQ7cVhGMzA7NUBJL2xgUmo7
Xj5NM0xcVz9cZjs2KGQucVhCOClTLGZZaUIhRlQjbzA4I18+UCltPF4vczozJzJSc0o9VC1VPHAm
JU1VPGQ8dXJOazRVWGhBdToocnAuPSJULk0lL2tiN3NZQ2A+bzZsRixHYlJ0KEN1RzM1LihhPWVC
Nkk9OGZTaF9QRzJMPWlWVyxRO245a0JGOz9IZ1xILWkuRFEzWTd1SU48KVprKUgwJ0dQKmRkN2lo
ZEZiUG1iO1pwSUooNUplKHErP0FwVGNRcFlMOENmPThTLmxMTitPP2RKMi8+MGdcW0dMVUs1bydX
R2xzOCtcOTwuRk8xSiE8QG9nIT4tQCk6KlFJLVU3RHVqLWhXTnE5LGhSOVE5aWBDJkRsImVYT0hv
XUJxTlRVTURKcUlMMm5BIi07Yy8pSmNoWV4lKjFlZktvR0hobylicSZuPzVCOUFcRjZnMmNQYmEx
Qm1LIlghLm9uJTxgN2InaiE6OCxMcmVlWlpBVU5kcGI4SWpUVjFGYUNsUXFXWHBIXSdITlFtbTgm
aWYwSEZLVU1iRkRIOk9Pa0gtXmlvbDlFTG5ZLj8qOGxNQmhNaGdGcXAjOTdeSldNYz47cnFTTS5F
NVVoIVZ1LDMiXjM5JWMoXVcnKXJSVThbMF5jSTJOcGBBT1JwWFxFLVwoXDdURFJGLFZXVjZLX0Qw
KE5aUHFxU0pETj5eYG5HOmBadF0xSCEyZUJJJz5rTmlxNTcmLV5BNnBfYzkjdDtrLkk4WiRpVyc5
RkU8cSRoOW86Jm9NPk1KW2BpPDRSYnQ2VmhFJ0s4VlBVRW8haWJTIi1cVDgpKW8mWShuWTczKWtk
L1BxQ1lJalZwKmpzbDxESWJjM0RkPl9YcHQ+RmNyXSUjXCVUcXVVT001QmhjVGdnaS5ETSNrY1ZQ
YylHVzBJRiVDMCNZaS44OG5oOGhDbC8yJ2wrOS1SRU5QK0xxU1BkO2w1NihIKVlKMF8+bGhTa1Y1
NUM2N2xGUjxDbnJTWDpmPDxhQEk4XDQyaGc2L2pxYGEyIkgxYkhqRnI+TVJKVVwsOG9WKi49T2xq
WkMpbjBMPzxEMDpXNDZmZW81T2Q0PC1mYlMwaEF1OUc6T00wUD0nblpZZj1xIV1vOVsyYFYtO0BO
KzhFWGRxbidWdCQ7aFthaHUpVXFWbCpZRy5xMGA/WUonWWg/YzY6TElIJUdVYyJnXz1rMVpPa2xM
XDBHJzssJSY5YEVDbzUuKDA+XVdbbE1oWUV0Mjo3QGNIKV4yIVUpVW9mI3MkTFhXNDZmZWtJLSo2
SlFLX2NIQVg/W1xTRWElRnFVRCJrb1ZVWi80NzRoYUgtRD9La2A4S0I1YzkpX2RuQUVORzIkbGtJ
Sjk8M110YFBBWUhab15YanFOU1JVMCM6RWxdRVFQTzg4J21zW0xuNlUsXGZpSjUyQFhgKFdJKTMw
XEtaQz4xOV4/U18lSExkOGw0R0UuOXFzTXArZkJOOVJpLjIrU0lJdHFVSC1eaig/YHBiPjJyOGY+
ciwodFxsQUskSWlZR3I+R0xRcTVQMjFXZnJJPT5SSis8OF5uK1pbXkFAYVddPWhYPUEkXWRPT3Bk
W0krJlgyI2JcRWc8MDo3SW1UOi8zPiQrMDJnS15CU2dOWGZBRCRXaUUpIVdpRSkhV2lFKSFXaUUp
IVdpRSkhV2lFKSFXaUUpIVdpRSkhV2lFKSFXaUUpIVdpRSkhV2lFKSFXaUUpIVdpRSkhV2lFKSFX
aUUpIVdpRSkhV2lFKSFXaUUpIVdpRSkhV2lFKSFXaUUpIVdpRSkhV2lFKSFXaUUpIVdpRSkhV2lF
KSFXaUUpIVdpRSkhV2lFKSFXaUUpIVdpRSkhV2lFKSFXaUUpIVdpRSkhV2lFKSFXaUUpIVdpRSkh
V2lFKSFXaUUpIVdpRSkhV2lFKSFXaUUpIVdpRSkhV2lFKSFXaUUpIVdpRSkhV2lFKSFXaUUpIVdp
RSkhV2lFKSFXaUUpIVdpRSkhV2lFKSFXcW5xYHJyX0VgJHU+fj5lbmRzdHJlYW0KZW5kb2JqCjUg
MCBvYmoKPDwKL0Jhc2VGb250IC9IZWx2ZXRpY2EtT2JsaXF1ZSAvRW5jb2RpbmcgL1dpbkFuc2lF
bmNvZGluZyAvTmFtZSAvRjMgL1N1YnR5cGUgL1R5cGUxIC9UeXBlIC9Gb250Cj4+CmVuZG9iago2
IDAgb2JqCjw8Ci9Db250ZW50cyAxMCAwIFIgL01lZGlhQm94IFsgMCAwIDYxMiA3OTIgXSAvUGFy
ZW50IDkgMCBSIC9SZXNvdXJjZXMgPDwKL0ZvbnQgMSAwIFIgL1Byb2NTZXQgWyAvUERGIC9UZXh0
IC9JbWFnZUIgL0ltYWdlQyAvSW1hZ2VJIF0gL1hPYmplY3QgPDwKL0Zvcm1Yb2IuMWI2YmRlOTdm
ODNmNGQ3ZGMzNjFhZDMyOGNkNzE3NTcgNCAwIFIKPj4KPj4gL1JvdGF0ZSAwIC9UcmFucyA8PAoK
Pj4gCiAgL1R5cGUgL1BhZ2UKPj4KZW5kb2JqCjcgMCBvYmoKPDwKL1BhZ2VNb2RlIC9Vc2VOb25l
IC9QYWdlcyA5IDAgUiAvVHlwZSAvQ2F0YWxvZwo+PgplbmRvYmoKOCAwIG9iago8PAovQXV0aG9y
IChhbm9ueW1vdXMpIC9DcmVhdGlvbkRhdGUgKEQ6MjAyNjA2MDIxNzQyNDMrMDAnMDAnKSAvQ3Jl
YXRvciAoYW5vbnltb3VzKSAvS2V5d29yZHMgKCkgL01vZERhdGUgKEQ6MjAyNjA2MDIxNzQyNDMr
MDAnMDAnKSAvUHJvZHVjZXIgKFJlcG9ydExhYiBQREYgTGlicmFyeSAtIFwob3BlbnNvdXJjZVwp
KSAKICAvU3ViamVjdCAodW5zcGVjaWZpZWQpIC9UaXRsZSAodW50aXRsZWQpIC9UcmFwcGVkIC9G
YWxzZQo+PgplbmRvYmoKOSAwIG9iago8PAovQ291bnQgMSAvS2lkcyBbIDYgMCBSIF0gL1R5cGUg
L1BhZ2VzCj4+CmVuZG9iagoxMCAwIG9iago8PAovRmlsdGVyIFsgL0FTQ0lJODVEZWNvZGUgL0Zs
YXRlRGVjb2RlIF0gL0xlbmd0aCA2MjIKPj4Kc3RyZWFtCkdhczJGYyZTOEknU1o5RGBTJVlZJ1pc
NVAtV3I9SzBHLyZzZGZyVXU3NWJAP2FIYVJqQEJ1OHVZQ1VAVGdNKDQ8LEsnSypeIjgkal0jIjVV
OyN0SGBmZl1ILytjXXJPMTVGTComS15IWSs+YToyIUxmM1IsRzlpQEZeKT8lLWxhVitNZlpkYW1P
Oj4lZk1gUiheSldjSF0qVXFaVCNENlVoRVMqSS86RGNdSWU+XXFwKm1wRD5zRi9LO2xuSTgva3Ei
RGAqS3JLYEcxYGVKRzkuImwhVWtHTlJbKyg+IklZZmVRZSEqPkZlckA8Yyc+cENbO1tAWyFbLl0u
JFpNIkhaYWVfRi8qUnE3azRPUmE8LEBiXmMvaUEldCUtRzhzSFdIOTRZPkcscjBVQ05QclstLEIs
XT1pUVMzSzMwSjhRJXMsSytSTiIjPiRHbCxTK0Y+XjNzLVgjW09HVj5kMjZwKFBYUWwhKSgpcE9a
XSFjT0FgZC9iV2xdc1M+MnVvLjdDOXA7X0AjNDBKKyZDXTkuO1xaPUZyV11cRmlLYFk6akIjNWVK
Pj1caWZmYGpvKXMnP2hGb0A7YFcsUWkqVV02KFNOLW44NCosX1NIZVZOV0QsKzFTayt1NkxhLVt0
M0FRMEYtQT90OUY+YSxoWUpkP1NPcWA5dF5aMDg2YFlIQXVLTCxoNStQVWNFXzwkdDNHY0FmRTZc
bEhpRWFfNTwpTVpcL2ZlXmchPU5JbyNJKUk2Tzo8SjBIUShbITQxcVctV2dRSmU2SVJiZUA7Nkls
cmlDWnUsUVIhMCVvMytuPU1gVUo8V1VFbm5Gfj5lbmRzdHJlYW0KZW5kb2JqCnhyZWYKMCAxMQow
MDAwMDAwMDAwIDY1NTM1IGYgCjAwMDAwMDAwNjEgMDAwMDAgbiAKMDAwMDAwMDExMiAwMDAwMCBu
IAowMDAwMDAwMjE5IDAwMDAwIG4gCjAwMDAwMDAzMzEgMDAwMDAgbiAKMDAwMDAxOTY2MyAwMDAw
MCBuIAowMDAwMDE5Nzc4IDAwMDAwIG4gCjAwMDAwMjAwMzUgMDAwMDAgbiAKMDAwMDAyMDEwMyAw
MDAwMCBuIAowMDAwMDIwMzY0IDAwMDAwIG4gCjAwMDAwMjA0MjMgMDAwMDAgbiAKdHJhaWxlcgo8
PAovSUQgCls8MDljMWU2NDQyNGFjNWVkNzdlMGU5NDJhMjBmYTNjZjk+PDA5YzFlNjQ0MjRhYzVl
ZDc3ZTBlOTQyYTIwZmEzY2Y5Pl0KJSBSZXBvcnRMYWIgZ2VuZXJhdGVkIFBERiBkb2N1bWVudCAt
LSBkaWdlc3QgKG9wZW5zb3VyY2UpCgovSW5mbyA4IDAgUgovUm9vdCA3IDAgUgovU2l6ZSAxMQo+
PgpzdGFydHhyZWYKMjExMzYKJSVFT0YK

--===============7953328228261156301==--

-------------------------------------------------------------------------------
