Content-Type: multipart/mixed; boundary="===============4541491967207497966=="
MIME-Version: 1.0
Subject: Il tuo Biglietto per Piazza del Plebiscito
From: biglietteria@sitotributo.it
To: espo@espo.it
Date: Tue, 02 Jun 2026 21:03:16 -0000
Message-ID: <178043419651.1206459.12038013323482213037@debian.home>

--===============4541491967207497966==
Content-Type: text/plain; charset="utf-8"
MIME-Version: 1.0
Content-Transfer-Encoding: 7bit

Gentile filippo esposito,

in allegato trovi il tuo biglietto ufficiale in formato PDF.

Ci vediamo a teatro!
--===============4541491967207497966==
Content-Type: application/pdf
MIME-Version: 1.0
Content-Transfer-Encoding: base64
Content-Disposition: attachment; filename="Biglietto_TKT-A1897244-01.pdf"

JVBERi0xLjMKJZOMi54gUmVwb3J0TGFiIEdlbmVyYXRlZCBQREYgZG9jdW1lbnQgKG9wZW5zb3Vy
Y2UpCjEgMCBvYmoKPDwKL0YxIDIgMCBSIC9GMiAzIDAgUiAvRjMgNSAwIFIKPj4KZW5kb2JqCjIg
MCBvYmoKPDwKL0Jhc2VGb250IC9IZWx2ZXRpY2EgL0VuY29kaW5nIC9XaW5BbnNpRW5jb2Rpbmcg
L05hbWUgL0YxIC9TdWJ0eXBlIC9UeXBlMSAvVHlwZSAvRm9udAo+PgplbmRvYmoKMyAwIG9iago8
PAovQmFzZUZvbnQgL0hlbHZldGljYS1Cb2xkIC9FbmNvZGluZyAvV2luQW5zaUVuY29kaW5nIC9O
YW1lIC9GMiAvU3VidHlwZSAvVHlwZTEgL1R5cGUgL0ZvbnQKPj4KZW5kb2JqCjQgMCBvYmoKPDwK
L0JpdHNQZXJDb21wb25lbnQgOCAvQ29sb3JTcGFjZSAvRGV2aWNlUkdCIC9GaWx0ZXIgWyAvQVND
SUk4NURlY29kZSAvRmxhdGVEZWNvZGUgXSAvSGVpZ2h0IDM1MCAvTGVuZ3RoIDc0OTcgL1N1YnR5
cGUgL0ltYWdlIAogIC9UeXBlIC9YT2JqZWN0IC9XaWR0aCAzNTAKPj4Kc3RyZWFtCkdiIi9hNipk
VWInI1QlcVMsUFE2UD1Ka0UuSTtaOV1bRjdIXl0wVTI9ZEVXJVE9WDNiQVFiPTE9ZEVXJVE9WDNi
QVFiPTE9ZEVXJWhUI1MlN3IjNyUndGN1K1kuVnJXXWRfT1AwPClZQT03P3VKXSguSk9wODFxMl5T
TFJMP2Jvc3JsLHBXLmc3KVBncjAjZSJJMEZPZFZecTRWQzJdITtuT21XI3BEKD4wU1pdV0tXUCdi
M2BcND0paEgwMV5GaDcsclZ0UXVpKW8mM0JIPStLbWVFUCxmU0QnSEFEPl1STmxbOHFUOzVZcjVF
Yl1OTVtJSG4pWVAvZEU3QGdUb2JHaTAoZiNCQUJeInVpWygzUjRaL3VTRT9uOCszMCpbciYhWS5X
Jzo+N10lKlxhNlJaSVMmNVZGUUlaPWhLakRuYV5wT0BuT3Eib1ZebnNXcFhbNTw4TTVAa05GLFJB
M2FJJCVdc2YmUzhUTktvRD5dUiZkSFNnPm0oTildOVRtUj9DWkNiR05EPFBdQkNEc1hCOUhObj08
IyNOQ2ltOFozZFlkLjRIbmozYTRnOzdBWVtfPmZAYk46aUwoc1g0a0BWKy4zImhcXVsjQTwmJ2xO
M20nL0h0OF9OPExqYFU6Ukg/XmRZQVdLUypwViw8JDtQITllNDI3JjlmOEEzJ1hoNykvbWIycEpt
SkMoNEdjY2MyZGBQZVRqZlhTVWhTLTFZTFklRjkrS2A6Rj9MSE5sazNgJUxIJEhISSVGV0MnalEz
UChCQVVBK1EmIXRLZkhAPC83OixFOUdpbkRqPidZQHBMXmhlVD5ORm5LTkclK15ZRWFtcE1WJyZS
XUw/L3BnM0RjSXFjXDhpWGJbRzdiJDNyZ1kpUilOXjk8ZldmOEEzJ1hoNykvbWIycEptSkMoNEdj
Y2MyZGBQZVRqZlhUWF5Fb11MUCNlUXEsYVlsMT5wY19lZ3BRXEhbdE43O2RPTVlrakg8UUNiSl1b
NF0vS1pmUUI5Zm4+LENxVT5nYipFUkNNZy5mPmNfKiZsTydKWDQxST05M1MvRSczQU4uZ0EoUEw2
PkEvZlEuZWxPOFpVP1BpbF1HTSloMz8xOEY3Xyo7TDp0ZkJwSDgnPl48a3FqNnBtbVdQLCotQytt
W1RYXHRMQi5rYypgcjtBMmpbP242bW0zVDw9PFUpPlpqbE5ZKV5WOyhqcDYmSVVdZC9yTzhtTmRI
XVxLcGJwVT5oKj9JQz0yUWZPPDFXUVc1RlFiLDBUcm1vIUE5NipzaDtQWyFgKDZRKEFpdSxNQyxX
RStaN0VULlUmVUN1SFQjJy9TRWA3bG9VZUlYJE9nZixkKTgqWC4ybWsmJmIlLDYhSCtQdStfOnFW
JztpPVBMOVZyU2ZbcWsiQV1ZLFJMWzQiSmRBODJeJV0vSDdzZ0lsUWNNYy0/RVZBPjwnQ1o/O0Zd
ZCxQRS1xMjloQyhZYScyUC5iPjk2KnNoO1BbIWAoNlEoQWl1LE1DLFdFK1o3RVQuVSZVQmtXbSw9
QiFdXjQ+OCxkbGkoUFBcX2M2OThKZ21DX2Y9a1RtUyI3JElMVHJCYFBQXls4XSNnI3NdaGtYOlgz
P2k8O1A/YmMhQG0rTFNKW0hMI0JxZDk6ZzNhXVloXV40PjgsZGxpKFBQXF9jNjk4SmdtQ19mPWtU
bVMiNyRJTFRyQmBQUF5bOF0jZyNzXWhrWDpYMz9pPDtQP2JjIUBtK0xTSltITCNCcWQ5OmczYV1Z
aF1eND44LGRsaShQUFxfYzY5OEpnbUNfZj1rVG1TIjckRlZNbDltYXVxdEEzTzpaUWlqZzNEYytm
c2dGIUhRcSdnZj5dVXJjRyJgJGdDcS1TXS9IOFZGOCMiNWhrJXBeaFIybXRUPGlJbnJVclhecFRC
S2dyZ1xFNm1eRlFhXW0iPFVvQjVKcEdKPzsnbGIuKW9SNlA/QV5BSTtTPmprcjtjaG9nI3A+J1hf
akVnOktHaW0/KlwqbmNtLDFoMS5CQ05YbmU6Mkt0MmVAVmA6QDI+UUohJ1ReXiJlaF1kUSteWj1v
TGtURHRlOU4yRyEjXGhJWkwhV1BAOTQ6Il5ZWztnWGttP19tW0UwL21IcEZBRDQvUUBHJW5nVilD
LCVGUjhFRz9PbzZsPlFFOztgNzIwZUQ9ZDQoVEcxKmI+JFk0U1BzbSVqXjRoX0Z0WWRjSzYwbFU/
J111JnFWL149UFJaJiRbSiwqPnBfRTVxOExPRVRta2EzNi1GclRXcjNdUU4ycTxmVDUqT2k3UDVE
dTo/WWApTjtscD5vMVsvMGxcYVIwLls4blAzZVZgaVtQTVRsNnFuQzZcQ0lOOEJYVStBT2whNVhI
biU4TSo8WzlXU01YV2ZuaElWbElePDlsITc8Mj4vI2snUzY+cGQsTl1EVCc7LFdGODJuMzMmbUFX
bHIpYj9vJFJFYDkoR21rYTM2LUZyVFdyM11RTjJxPGZUNSpPaTdQNUR1Oj9FNyU8RGlyWT5acUJI
Om8wLFpXWCVsUm0jL09PKW1JYE4oPGlPbCRoV08qPWVPZiZgK0YmZ1ddaj5AIi5bPkEscV0pMC8z
X0I4aCJFMEYzZkJaKzZWL2wkTVQ7L19tLWBNVEppJT1ObkhDW1guPDoycDxGKitrVSxrWidlXUxD
W2BZOzltWGIuWnRkTm06W3JWI0NnVFwmZD1pRlhGNGdcYkViX2RGa09gZUEiPD0oM3Q4P2NENEdp
cFJfKz4zYTZgaXFEU106LCZhWzpSQyNUSmhYYHAkQjwrZCpycyQ7RGpSKVYkUD8rWzxIZiFyTEN0
MixCaF1TYGdWSyxUbjNfPVZyZzE/SDVGbWBNIWIiXlJRLGoiaTtRViJAM1xUOlV0MmVBYkpQaW81
VS1GbUlHYzorX2ZQYDhGOVQiZkg6akVkQFkoU3UuTjJFRkVUcm46cUhsWk1XI1BmY19Sa1RvOWND
UjdWcWY9PnMiLlE6cTZQRWI3Nj5wZCpna0taTXFnbSFkbjtQKFhIUkgvW2IzdT1gNjtgNlsuSDJj
Ti9QM1s4WT5hM0IqZyNzXkNxLmw8Z0RQbXJMMm1xa2Y8b2U7JDxAPT8va09xWDBtM1IiODoyRT9P
VmNuNWtsJDcxKCxpMmpaXCoxYjJqRHE4Iy1fNmpscC5hUTYtJFk+Q0NkZnRTPic4OVhII0RMYmhI
a2ZDa2VwTl9FaU4rZVNZIyQ8OiNiT2RHYCw9NTc0dEtBRmpmTiJEVmxfcj9Ab1pNYClicj5XYDpG
O1QnLGZBaXBBJTpNYlwoVy91TWxxZGNsJHBoXiUmYksiJ3NePG9lOyQ8QD0/L2tPcVgwbTNSIjg6
MkU/T1ZjbjVrbCQ3MSgsa3E6bU5eXXFtP0VWbzViOV0mLUYxa1dLXjwwQkA4VChQLkI0aW1MbGcz
Xkcpa0ZOR1gqXDQ4V1FRUEdlWixzXlFnOGVmRWYjZSQ+ZClca1lPXjFTUCstNDpnIkZSQTNkXEVV
N1ZBbVVsSj5UZmw4JElVW0hkLEZqYSpLMj5bakhhZjUjTnRYI3RObWpKSCsnRzRvc2ljPGAtLmRA
Jz0uXShdM3Jca0ktQ1haQU9qXFImbyVRZTpOR29pZzJLLlNqPXNcWiZXI1NcODozWl40PSRGUVJu
T21YOkB1L3NHJ2lYM1Qhc1kxTUBNLHJSZipdaU9tQWIjPVd1RFE2XUxCLnFtJm0sXGohU1tpKC1I
WEdtNmJGTyUqakU3TSZrTDxRbTB0NmEwYW1JI05lRU8iKXFraCpFTTdLMUQ4VCNwNFUvImRcaGAo
M0M6PGArPDlRRTViKDNSNFJyNF0vNkUrM19KQVdrZilcI0BiVWtQJV0hS2JKTWgwOWIwZF1MQUJv
M2tvVXUvIkUhXUgoIWA6aVtzRztlYk9WbD9mQXJZY0hAS0InNXBhR1gzVTEncT9lVjRHJFpOK1NU
cCZSPyQxVlJlNW5VYVwrO0FzbURONVlsKU9AUFZTOXAoXFhmJ1lZIixCIV9EQyY/Wy4xUC9PMURH
VzhTO1xhQ0A3IVNucjElKkQxIXFlQSsiLC5kYjElcVJlcFFYNFFHZyMpZGdlXVIvPlUkRkVUIjVr
Ll1JbmNaamZiYG4sNW9rLl5PN1NYaT9RXE0ja18xWiJfMW5bMlZfXFpcLmZCNG9ZLW1ZYWcxTjQx
ME9IbkVyW21WPlZIZnBUNDlxZFBhT2o2XURXP2QmLDBxcUA2VUZzYT9SXj1YXldHXklsWWY1YSU6
XkBpaENTT29sbTAvZ3AuaE9fK0VbOVNkJ1k8PkhpQkA6UF9NYldjJFtqUSQ/L189TSNDSldyNDow
ZjMuPGFLRGxHQT5zaT5nR2xTWUxmZHEmXSVbbklAMmRzSUM/Sks0MTRLb1klSnVlZjUmcElMdTlr
cl4uYXBKNTI0YzZTUV40cmY8XlVubGE/Il83LjpzdD9SQUhgVEMpIiw6OUQtdGxlK2hyb2ljSmos
J10kSzAsKDRrY1pdIyZWcTBcS29rXkd0SEVCNEUmXExRYVFPLVVGQjAxSU47c1dsNkg4XFpKXWlM
XF4jaTs8QWJDbGteWl5uZWJXSEVFKzRXQ0I2P0U7QD8iRTJdXEFcdXNqZyEzcGxlQE45JlNyTTYr
WT5zYTBLIid0PzExPXFwQ2hHREZDPkldTmNVTVpRZjtgbShfLTsjMFI0dSRzW14yO15bSS5xOEIt
WGg5Q1hvdTpqNS9aSUxZJURnVCg+IjJnVVsoVEVwJGM0RjM5Y2dQZGY+WldRVD9oLVpfQkQ/PTMt
VWxaR3Q1bnNKdStdL09rWGNLZiJZa01HT0pTVTgmcS45QFFoaEljTVowJGVnNmJqRjI0SUNYRiZm
L19zOEEnM1FtaFVMWElZRVFNZkhgbylIbWUmVz0+XjkiZ1MpJ1JGNFFnaUJbcl8kMmpqKFBHa0VJ
S1guO3VQPjtqWltbOj9IYGZddFc6NGZCXHJJalk+azZHJlFbOlNDYm08Y0ZxaHI0ODQmbDttJjZb
XVpvaz0/KFVYS1JHNTpIcUp0YipZQi5qT2EtPSdkXXJCMXI/NzBlVXBLaDRwaCE5KVhcTjZ1cUMr
ay5KLCddWmxcI0lPbHBWLDwkODhkVHMwNl8wZS9Bcjo+bGcyO1o/MXRmJmMwZGk7NDg0JzM7c1Mk
PVhwQT9IbXFxP3FhMVpENyNFbWlQZj85XmcyW2FVb24yYm83O2pUWjhJQnUic2dzM1Q+bWFTZ05M
YiIpL2ZtQjQibHVES2BoMT1YMW1lKFV1ZiQtTmQmXFFFR2dYS2VxSGYrMCIsZSVpdVFUTVRtKD8x
NTBGblhbaC9wbENOQXA1Qi5TVTgnKldIR05ZPHM1XzVwR1IwSWo1KWAsIjNLcmNsZkNtRFJ0XD9y
R2IpT1dXUVFAV149YU10RFdiPVpHQT5xYmAiZyxTbShILCFwOjBrQW1RYmZiZm1YYFUwPlVsUmpl
YihfZGNpNkhsYT86K1NOQyxSRWA4TWpsI2AzNW9pY1gmY0NNKzlcWipsRkZMayorSEVCOyNrPiMq
WGdmM0gzM2FKUyZdaUgyTUYvUSc8RFE3YipTWllsJD83UVE3XF5PUC4ycT5JJjowNEUiWUVdQFdo
ISQ7UlMqSmQjVmxOZSJmPy9fZm1XPWA6OW0sbSJkb0BtTENaUmlDR0lnRS5WRS9xTGtwaHRhW0lQ
SDI0J2VcJztrNiM3Rkh0I0E+LD1kQ24xTD9DUVJxXnNDaW0qWF4kVUp0cC5VWG0tZ2k6PTQ/T1JS
WFxzKCErZUNpXGpSUy5TYVdfOEE3VkFkT2dKM1E7Y1FwJktpYS9xM19tQGJELmVVNGBpbjYrWi90
XVk/L0ZyOkhGTEZmVG09XWBYOVRtUkhtTm1jUjQ8J2luO0siVz9TaXI6dW5xaF84K3FOIWhCPDBQ
Ojo1RVEvLGU4PF4/RiVZaVpkSUdVb3NQT25mZVoyUFQ9QzQ9bydnSTtbUyI3I0tSITJhUDA1NkAt
JlhsSilrRiovRGBybixEYytYbGFtRjMjTT4lYF8tRzxHL0xeaFsxbDc3dE86MDQhMj9RaiIvQ1In
TShuNkRnKCFtMGhPZVZYIzg7QzkoWC4+U0daPFUpKXJnZUxxQUdbRFYqZFZHLCJmXk4uQl4mbEZE
Rk9jNkInaUhCbDxbaWg2Y1cwNlxPUEVUNFNUbktiQV5ZQFpLJVRRdFY3bSNRbTwkbThwRCRSUV1p
SFM8JUY4Jj4vIS9PXT0uT1NDK19CKTtRJUlaWD5jIy45YW1GMyNNPiVgXy1HPEcvTF5oWzFsNzd0
TzowNCEyP1FqIi9DUiptcEhgblVtInU1QVUtJ3BeYHAzTmwmPkJUKE9FYyRGb0VrVGI+ays5S0Zs
YWM6c2VYPjE2WzEqMlpvZkNFZUhPYXR0a0dramdCNVQqSzJAKFNbbFRBaEozUDwlc1gzT2I6XFhk
IVsrSFRqM286M0FTbkZoMTIzYTZhaEcmaEdQNV1YUWBGNjkoM2dadUU4Q3Q0cy5hZ0RRWmFuN15A
UjxvRV5ZTk1wbDxHLTFzZi88bVtmQllQM21RJXFuU3VeLjtTW2s6cmdFO1NfWU9lOXBrT0Exa1h1
XWQwayZ0Y15LMFhJamM/Ji0+X3FYTGYzakZzOnFtQkpubFYmKGpFX2dkRzNpP2VVZ29uLDM/WT9Z
bVEkXTVVZFEobGtqRjQ1XXFgOXAwV1NBLm1PajVCcCxrbClWaFVlL0g5JylaLk1LRFZIK0x0aXBv
dEpeXjsoRDwuPS85b1sjMEhnSVg3cGBgTWMuKTVcZyFcRDJHIThmPi5xKnE9ZDcmbGQxdG85Wjlg
TkdmJzdbU2FlRGMmTTY5RDRQUldmUVs4dWJeOUdYSUY6TlQjZFZlaElNWUkvW2BCPGlxTkhfTiU9
UjldSVw+JWQ8KzgjTT1bMDQyS2UzaE9LTTJTPU5sXV8xS3FFVDYqR1twSjUyM1JOVFVEaWhGTFNN
ajZVSS9WWF5IbTBybG5HV21mZXReXjZNM2tGJ0hDW2ptNmxZIXQ2L0hwMGcsU1dub2luV2tNNEE3
c3FfdVQjTyVwV0E/RzptU0ZadHAkRDBaJ2JIMGBqbGoyQi1tRG5YRkRFaFgkM2hdUWkjM2MxQzNx
Pi41RnEqW3ViaVZhX1ZYW2Y6SycvKl8tb2ZBX2RNKU4icks9cG1AWnVQKmVsYUwyNSYka0Q3Jjxr
c1RKc1VpMWxsQiE3IlJkayZbalJYMmpNXk1WYi5WSF0lXU5dYnBEKGQoJzI8WGppcUgxL2hEOU02
PCVjI2EkS1VUMi05RjZYcWtlRSZSQ3RzO1FmKjhxbyhHSjhTWGZKJztuO1lIaEJBLlduQGVzTEhf
U1ZXOkFoaSpnajxaJU9OSmtvP1wsalFkOj1VUEljIixtNGdUPydqViM1MDVpLylHWkJHczpEXnRM
UWZmUSFNJC9TYCtEYmk0Q2FiZW42USReakQqRSdFTm1qakwvLV5zRF9gOicyPF1rQCRLV0ViJkwo
ISwua1FkMmRycVMoUmxTVTQ7K11nXHBEYjpnZypxbkUmUERXZmtVQjVeWjRvKCExWXI0XUBhU19M
XDZlXysva10iSXItNE1VQE4/ZnVWIzltLS5GVihPRjkmQzloQnFVYDlLSFctS0s3QitKUjA/IUpa
XkFgN21rTUIwTkRjLGZqbmRHIWNeOTwkV2dVVDhuZmlzXVBdX2spWV5bTEpxa0I/OGZGblFUSS9o
YXNOY2dVYy1mPUBIITtrOlRqV1FXSTxgOk5sP3JjTixBaEdlLSs7PGZwWTRjdHVscEZZW2M5M1Mx
SyZyNyFLW2pWRjVnTSZGTlcsalYrUSRRKEcyQC8wNidQKS1bYWpkJzFdcWVabi9WMk9zR2AsSV1d
cSRLS01gVVRxPGlOUDJAWTxTajhqVy9vUlM1PHVnZTFoSWhAYlZSSyIhLTNnIlUzcltBXC4iQnBG
ITsrPnNNXlUoaC1WVm9kR19jRnAjUmw3SVM+K0YmZkJPTS4yMztpPF4yUCNlUWsiQ2QjQS9QOD4m
RyspKVZsSiwkOVY7O2lAJT4pJjsia2hYRTE6PSclMDU2XHQ5LT8rdVNaVCVkRlhGWWlTXDgncFxg
QGNccE0yKV5XUWxjdVphODhgMVJEP0FqYVBIIitrPCJBRyc8Ul9GbG5rMVdTRlxGLGMhSmJnczQy
T1gzT3NqM0wwSiFQQ3VuSlAyIltDQ1huaEcvdU5hKUFzLzhAOVFFM1ZIYF0+TWFsUUxpZjFaZlRT
T21eM0I8UDxKMCJJTHByTC07RVdcX2NhbS1NLkZiVSZUU1xSLi1hODlIOGlTWG1HcFNbbWclLmVk
XiokKXUycVwkTkVtV1xddUg6P0EnXFAnJEQ8TSUpLElGMEYzPFVVKF1PcWFMXmwxVnJCTjg5T1ki
SEVCOmo+N25NZDcuPDVOXVp1MTBCNWIhKmIrbDlYXz4/XClZOz0jXDlMcz0icDNOaSczYTMzL0Rh
YShVJz4yVkQ8K2ctUWY/MGtwJ3VCYzoiS3NWdGxWJ2lscEBgZzc0Pz9bWV1QZzQtM1lUME9LTilU
JllMZ3BsWlBDPVI3S2ZuTl88WGNjRm5ZTlRYWlNYSyZcTiRNbjJfNXFjQGYvMERtLmQ4VVUoXU9x
YUxebDFWckJOODlPWSJIRUI6aj43bk1kNy48NU5dWnUyWywmYVovZnVrXEU7UnJBLk8tRC5KR0wi
SW9oVUgsIjkua1MlYClTOz1aZi4kZWpsT2R1Ukc9OkM5UUo2ZDA6MDFAamEmZ0k7UWRbZjNCKi5L
O2pVJy5cYThEaj0vZkhOTC5CQ09RVE9BQkVjOjR1YVgqOmU+aUk1dWxlMWJ1XGFqZShnZUAtMT5w
ZCxDWkJuM2hWL2VePCpbdC9zbVtUY2ddckIxI1FYJzYpTTVzVVlCPll0VWIwLT5zMVYjR2VSSDBP
Uz83cDVfYjRUUnFVZy8yVUYpRT8hVkNuJztFblNWXlkjO2clJT9IYCgwNmJeZGpQSkJ0UCJSRVNc
XHFKdGY8YUZ1RW9sRC9EW0JiPGYxXktxMENuaCJnZjE/IjdCKmEhMERCNi80ZyNUSEhWJitUPFRn
Kys+Q3I0PTIzVCo1TW5IX0sycT1wTDs8ZmFMYlBkbCRPNl02az9CVWRtZVtbKyRRSmdrUmMockRR
LCZdLVY5c3M3a1BeNiFsRWtjNTdqKkhpc1FmUCNJRlk2OyItJFp0LTFbL25tYVAwQC47bHIoc1Y7
O2l0Z29tLjxcNmU3YC0rVSFVU1ZwQmEkIiEmTzlSOXFzbyhKNyU8Mys7NVdPRSFgcE0yKj1YcXVB
MThUKE9DXGE1SURTR0VTbGdzaSYzcFYpXCU/KTlUW3JuKDFmQz0ubGJob0NTVjtPcGE5Q2FxQk9r
ZXQxJ2okWnRKY0RhI2RRKChzIWluakVMVThxOFZlL3QxJjllQURHbiwjKWw8TjotKk8lbmA1KDdo
dTBJQFRMTmVOKjxDVkssVW46PkdfMTozO2NkU0dIX29cWiYiRm1YNjApXGs3Kj9yTlc/V2U9bVdO
XjVpcTVWKWtPUmZNbGEnZD48NS1MXENzTkdeSVFvZTV1LSNIXShZM20sYFAzO2A3TnVIYkY+Yz4s
PTksTWJecU9qYShpRDJIImRIXWwtO0JWKWlzXTo7I3JUSD5jXz87TCFRJURhW2QqM2RaY1tdXjRh
K0RjOFBsR15JLEI2cz9FSkhdKFkzbSxgUDM7YDdOdUhiRj5jPiw9OSxNYl5xT2phKGlEMkgiZEhd
bC07QlYpaXNdOjsjclRIPmNfPztMIVElRGFbZCozZFpjW11eNGErRGM4UGxHXkksQjZzP0VKSF0o
WTNtLGBQMztgN051SGJGPmM+LD05LE1iXnFPamEoajNBUWI9MT1kRVclUT1YM2JBUWI9MT1kRVcl
UT1YM2JBUWI9MT1cZSZYYWNDTUp+PmVuZHN0cmVhbQplbmRvYmoKNSAwIG9iago8PAovQmFzZUZv
bnQgL0hlbHZldGljYS1PYmxpcXVlIC9FbmNvZGluZyAvV2luQW5zaUVuY29kaW5nIC9OYW1lIC9G
MyAvU3VidHlwZSAvVHlwZTEgL1R5cGUgL0ZvbnQKPj4KZW5kb2JqCjYgMCBvYmoKPDwKL0NvbnRl
bnRzIDEwIDAgUiAvTWVkaWFCb3ggWyAwIDAgNjEyIDc5MiBdIC9QYXJlbnQgOSAwIFIgL1Jlc291
cmNlcyA8PAovRm9udCAxIDAgUiAvUHJvY1NldCBbIC9QREYgL1RleHQgL0ltYWdlQiAvSW1hZ2VD
IC9JbWFnZUkgXSAvWE9iamVjdCA8PAovRm9ybVhvYi4xYTE3ZjMxN2M2MGU4OWQ5ODYxNWQ0ODAy
YmQ5MWIwZiA0IDAgUgo+Pgo+PiAvUm90YXRlIDAgL1RyYW5zIDw8Cgo+PiAKICAvVHlwZSAvUGFn
ZQo+PgplbmRvYmoKNyAwIG9iago8PAovUGFnZU1vZGUgL1VzZU5vbmUgL1BhZ2VzIDkgMCBSIC9U
eXBlIC9DYXRhbG9nCj4+CmVuZG9iago4IDAgb2JqCjw8Ci9BdXRob3IgKGFub255bW91cykgL0Ny
ZWF0aW9uRGF0ZSAoRDoyMDI2MDYwMjIxMDMxNiswMCcwMCcpIC9DcmVhdG9yIChhbm9ueW1vdXMp
IC9LZXl3b3JkcyAoKSAvTW9kRGF0ZSAoRDoyMDI2MDYwMjIxMDMxNiswMCcwMCcpIC9Qcm9kdWNl
ciAoUmVwb3J0TGFiIFBERiBMaWJyYXJ5IC0gXChvcGVuc291cmNlXCkpIAogIC9TdWJqZWN0ICh1
bnNwZWNpZmllZCkgL1RpdGxlICh1bnRpdGxlZCkgL1RyYXBwZWQgL0ZhbHNlCj4+CmVuZG9iago5
IDAgb2JqCjw8Ci9Db3VudCAxIC9LaWRzIFsgNiAwIFIgXSAvVHlwZSAvUGFnZXMKPj4KZW5kb2Jq
CjEwIDAgb2JqCjw8Ci9GaWx0ZXIgWyAvQVNDSUk4NURlY29kZSAvRmxhdGVEZWNvZGUgXSAvTGVu
Z3RoIDU4Ngo+PgpzdHJlYW0KR2FzMkY/I1EyZCdTYylQKCU5dGU4MFBERCJFTG5cViVIbjtbWVpP
JWVjRF0/QTIiMXIoXUYiXzMzKFdeOiVraChlcDYtRDc3I18naiZzc0tRPUZvLzVvS0c4MV5ZSnMp
cnMqZT1iYCQ2I1xmN2Mwa18rM1g5YGd0QC1BbF1aYlpDSWpkbnNMIiYyNlcoOiI9ZXJNTElKUTFM
biZHYEBkXWMxK3AmRGZPRVcvK1ElLklPTVc4NE5BR3JAV3RjM1NEVz4rZkcvZFRQQ0VaNiNzSzs5
QTBhbiFVLzxLS2UlYUY8TGwmSChtRlkkSDc7OSwzaiViSF89K050WWdoRCUzSUFzPDk4R29NLEl1
cCJncidgViIsViE2QSlOQUVpPGdfNExpV1ZtaE4zSGlFRyNBKmFmX0s4L1BiOktucTloNzpqbjQs
cjM7KVJsS3MhaWxmL1A6X2c9QU9fWG0rXz1MbFRSPEhdOG8pTSs/Xjk6alA5RjRxQy9ebS1oJFQ6
TlMlO1dEaz46ZCY3YVpcZT1WPEkobDpnW1VOKWotWm5BSidKU05uMzhCLTxVTD1GXGBPNHNxbili
PF42ISo0cT8nUF9ZQmlcZVo2SzlPZiNzMi0pNGNxUCc5UTlIQT1zPW5hLCZjOUpBLCxGPUEuZ0I4
SSZKamY5bEUrRVZlPVtlS0RQYVVvTCZYOG0nQXViTXBBYXE5SHReZnJoLF8jOkEyQD1hMkxZWjQr
Z1JXY2lVJVg/QSlARSshayEyQ1ZpWj8jXnVlVSgicFN+PmVuZHN0cmVhbQplbmRvYmoKeHJlZgow
IDExCjAwMDAwMDAwMDAgNjU1MzUgZiAKMDAwMDAwMDA2MSAwMDAwMCBuIAowMDAwMDAwMTEyIDAw
MDAwIG4gCjAwMDAwMDAyMTkgMDAwMDAgbiAKMDAwMDAwMDMzMSAwMDAwMCBuIAowMDAwMDA4MDE5
IDAwMDAwIG4gCjAwMDAwMDgxMzQgMDAwMDAgbiAKMDAwMDAwODM5MSAwMDAwMCBuIAowMDAwMDA4
NDU5IDAwMDAwIG4gCjAwMDAwMDg3MjAgMDAwMDAgbiAKMDAwMDAwODc3OSAwMDAwMCBuIAp0cmFp
bGVyCjw8Ci9JRCAKWzw1ZjdmZTUzOWE0YWExN2IzMGQ2OGMzZjQ0MDFjYzY5Nj48NWY3ZmU1Mzlh
NGFhMTdiMzBkNjhjM2Y0NDAxY2M2OTY+XQolIFJlcG9ydExhYiBnZW5lcmF0ZWQgUERGIGRvY3Vt
ZW50IC0tIGRpZ2VzdCAob3BlbnNvdXJjZSkKCi9JbmZvIDggMCBSCi9Sb290IDcgMCBSCi9TaXpl
IDExCj4+CnN0YXJ0eHJlZgo5NDU2CiUlRU9GCg==

--===============4541491967207497966==--

-------------------------------------------------------------------------------
