Content-Type: multipart/mixed; boundary="===============6597937336976004668=="
MIME-Version: 1.0
Subject: Il tuo Biglietto per Sala Ferrari
From: biglietteria@sitotributo.it
To: cimmino.angel@gmail.com
Date: Sat, 06 Jun 2026 12:55:30 -0000
Message-ID: <178075053063.1084989.11309850417758083005@debian.home>

--===============6597937336976004668==
Content-Type: text/plain; charset="utf-8"
MIME-Version: 1.0
Content-Transfer-Encoding: 7bit

Gentile Filippo Esposito,

in allegato trovi il tuo biglietto ufficiale in formato PDF.

Ci vediamo allo spettacolo!
Staff Artista Ufficiale
--===============6597937336976004668==
Content-Type: application/pdf
MIME-Version: 1.0
Content-Transfer-Encoding: base64
Content-Disposition: attachment; filename="Biglietto_TKT-EEF09B8B-01.pdf"

JVBERi0xLjMKJZOMi54gUmVwb3J0TGFiIEdlbmVyYXRlZCBQREYgZG9jdW1lbnQgKG9wZW5zb3Vy
Y2UpCjEgMCBvYmoKPDwKL0YxIDIgMCBSIC9GMiAzIDAgUiAvRjMgNSAwIFIKPj4KZW5kb2JqCjIg
MCBvYmoKPDwKL0Jhc2VGb250IC9IZWx2ZXRpY2EgL0VuY29kaW5nIC9XaW5BbnNpRW5jb2Rpbmcg
L05hbWUgL0YxIC9TdWJ0eXBlIC9UeXBlMSAvVHlwZSAvRm9udAo+PgplbmRvYmoKMyAwIG9iago8
PAovQmFzZUZvbnQgL0hlbHZldGljYS1Cb2xkIC9FbmNvZGluZyAvV2luQW5zaUVuY29kaW5nIC9O
YW1lIC9GMiAvU3VidHlwZSAvVHlwZTEgL1R5cGUgL0ZvbnQKPj4KZW5kb2JqCjQgMCBvYmoKPDwK
L0JpdHNQZXJDb21wb25lbnQgOCAvQ29sb3JTcGFjZSAvRGV2aWNlUkdCIC9GaWx0ZXIgWyAvQVND
SUk4NURlY29kZSAvRmxhdGVEZWNvZGUgXSAvSGVpZ2h0IDM1MCAvTGVuZ3RoIDcxNzYgL1N1YnR5
cGUgL0ltYWdlIAogIC9UeXBlIC9YT2JqZWN0IC9XaWR0aCAzNTAKPj4Kc3RyZWFtCkdiIi9hMHBY
QE4lKV9mPFFpPElMak9fcD0kRkYkWS0lV0gncj5VSyIoa3VIOUwxKHBSQDJPYC0oa3VIOUwxKHBS
QDJPYC0oa3VKL05XNi9WWl0vOFpGXDNpbjJJVHJPL1BJKzVsImhUTDNcY2FTUyQ5KWMoOGQpK0ZM
STw2U1hAS2U6IlwmbCRlKismM25tMyw6LyMzQy1MQyZxS2tdUiNTU11XUS1SUS0yJ0Q/UnRfUi9q
ImM4SDw5JywrTlQkMl87SkBHOktMQixjXVhNMkE9ZUtSTVtgMFEkYGFaXTJvZ2AnaTBtX1MwbmtR
bz1ybGZnXUZuQE5vU0dAOihyRjlIL0tHQ2E2MkcwcCs+X1ljak4zXDJKTVFeNmNkK2xlLmBnbmxk
O2FcWlJLYTI0WDlBW0JaPWIyS1EzMD9BZydeZjlLcFRMMypAJTJWLDRpQW88cFhDUVtdPl0hQUVn
RTZjNUxgZDNzKmJmdDBSL1ghYk89LWhBVGNNPylHPU8yI1dcUUxQZzc/WCMnYi1HM2czV0U4JWxX
SipdMnA6PGo4RmdlLD1dVDt0az9pIjc0ai5eKUIiPlBpOFJBUE1iQSVMTHIrZy9OQj1aOkIvPTRz
NGFpZWc8PWZwWVFKJCJfJy9AViU6am1sUyNIK0MoL1gjNkY9WUkxWCxqWWgxZD5bRT02MEB1SiNb
PiZgdDJFdVFXLVdrNS1oRygoNEhpPm4nS1A9ckpoNSQlVV04OU8jY2JGKFcwUSQwZlMkXlJnMm1N
WjdxOkRcXFZOImwqUDtZSmotPD9bI3MtY3MpWydBcTdkUk5FVWAyXjAsP2FFQGwyS21uTmc/PzI9
PUVYPzhDSzpiamBpY3BGKWtEMGRYM1I7ZGJwbS9VZlFCLGVVW3JBNGVfMFB0PVg/YFxdQyUiX0ZQ
XWBuM2ReaWBYK1kxc2ZBMzZeY0ZccDVCQCI+KVBxWyhBXG5lXW5ocVxybTosWzEiJChVVW9uUDEl
dGgqJiUrQTI/MDZeYz4xMG4kSSlsaCVQLTEyS1EyMlNGYSxYOilpcmA0Z0YwXDFIMWY9M0RVVV9a
dVAhWic3M0o0RjBjMUNvPGUkXyl1Ji9PWjAsWFIyay5UQzpFL2MwRVNvUmNIVlFKP1pPKi9uWy4t
bTFwWUEhO2tAP0EtUyVxJFspdDEuUmhxXHJtOixbMSIkKFVVb25QMSV0aComJStBMj8wNl5jPjEw
clFgT0kiPWwsYVMlcSQzRTZjcCVeTjZcQF85MHNHLT8uNjpTRmEsOG4hbjJoWWp1aEAkKFEmPGs8
KlZSNCIkTDJYTSE+KSFwPyloM0RVVW1jSDUyTy5rYGlOXmM8Y11jSTU3dEYwW2dCYjAvJFZFNlxj
W288Y3A2Uzg6cylub0QmQ1M5ImJwNERqXlAtXnRkTl1cSTwpa0ZCPUo6RTA4WGFsV15WMC9vQjkz
QEFka2RtaCluWjhvYkRiS1ZBUWMzXiNJW0AtJj1CLkhpIlFeZCpwJm05MiFlJkZKTlNaUDwlPyNH
c1w5NFlrITpFL2MsRy4mIzBHSV5pZC9zLT4jNERoYUtnPV0pX2d1Vy0uXDNxKyZvPGUjdENNLC5w
RWdOOVdpIkIxM2NJOWNwWElaSV1hXiZlTUsxZmFrM0RVVV9ZXWRHZi0kUW4mJVBFa0lrPCpVb19x
TmQ5UGhiQTQzT2hIbVNGYSxYJVZvXS07MCYibWprcGJTRTZjcVA0MDUhVDcqL19QUUBoaEBfKV50
Il1ga1JcUkpsNyMnM1hMaDJXIjZpMU9KbF9NNi07RCl0M11wUkQhdEA3K1FYXU5IXWlzYmhiTDAs
M3VuamBdSEN0QigpPFNPYGZNcGouMmV1WlpqYGVhPyZkc25db0lLZnQxbG1BPVtxdUdqIjg2bStu
dXFaSGJPS11ecDJWcD9wVEk9bSk+NmhZQi9mSGhabGBYUmNwb1BQImR1PkpGbHBoclxBQiVkUT4s
RSl1Xk0qZXMtZnJjOC1SRmwyPWlwXlpVUy1aRSxcRCciSCNZbDhcRkI2RStvQEpDPnU1OjpETnBN
Q3QrbiQpZTQhYlpaNWskZSNwbFRaYjk8cWdHUExAO0FHRXJvdXNoclxBQiVkUT4sRSl1Xk0qXjVA
K185VV5JWGZULyNibUQiZjVCVDBbbVlRY3FTMz45Ql0iP2doWVVmVExrN2Q8VVItO0tBJzxTQEps
Y2ZhSlo5TklxbmE7Nmo6N09KcGIuPjRBUz9PT0A7cytoX1NzXGBbZmI6S2hdQmRdSl08WFlENTRT
JnRNLCdSKGRFOSY0aE9MZiNxYnVZa24iLHAxYDdZZytYTG1mQyQrbUstRlsjP2BNMj11dDRqaEVg
XUFCJ14vLE45LidDVk5ba2V1LWZYZlQvI2JtRCJmNUJUMFttWVFjcVMzPjlCXSI/Z2hZVWZUTGs3
ZDtmTShHN3NVX0RJZFNAS3QuJ0FZVC9yKzReRk0qNShnPmEoXzhtW0c2clo+VDZPU2g0VFhhaio8
S2JtbzUrMmdKbFlROEAtJ0I7NTk4TFZLcFs0TCZQQlI7OSlhZD0mQD0/ZS5yQ2ZYJ1xgMjsrRF1e
PWhIdWxSI0VvZmxINURscUROWW0tcD9hUDotJz8zSElvPC1HIiw9cHJnN2onNzcwWFxMJ0JPaClA
Rm5BX2xGKDReNjM6UEZbUXVSbHVtVmg/PC5eSyU3MWJiSFw3XUI2NUtjWy1EYnFtTnUlIT5JLD1I
Ulg3TTpVLyVhYUJDOVloZVslLVZaKjFdTkY9LTpbbD8pMVYtPE5FOFpRL2sySFVfWUI6OS4tJm1W
W1gsWlNmcTJZSVM6Zi1MLnUnRlFXITw9P1RscCo7YzFPN1ZBR2pYJW08cURNJEVGMjlXOC5cUyQi
MmxFb2h1azNhUXU0XjU2NHFqTWskQjsvLyU6MXMhNEslNzFiYkhcN11CNjVLY1stRGJxbU51JSE+
SSw9SFJYN006VTlXRWBBYF48WD4/RzBOWlI5NURJSjJNbmkyaiNtZW4sO2ouclAmS1hMdW05cVsm
ZFhRLk9gK0A8S1E2U3FyWytmbT5yN1phMC4qUms6X0VcQ2hQI25paEVoLVpFKmU/PkhtJGVKMSNp
LCQqUTVuLDNDN2IwIkw6W11tQCZBbCRAZnFzOyJnXmZhZmNYaiVWXj01PC8hPUYkT1BwQ2ZNOi8k
SEE2X1dtI0o0Vjk0NVpoSm5NQjReMjQySHM5aEVPLiQlamFIalo6Wi89VV1bZ1smWCIvKV02b3Ny
PVJhbDYyNzpLZ1M+MlNIIiZvaSI/aWlIYmAvZVRaYmRKPkkjUVxfQ20mU0V0akdFSCExTTpRbDJc
M3E9LU0pX1FoXVNqX045IWw9VV8nUyspOVoxKVlrJDk2NTxoZjdtJVBBPmBCLVBXOTJYX2lwWjRh
Oy5FYz9qcDNZUUw2WlshQERRJ0gkMlFcLnJMZEAjZnNSYSZIOFhLNGhVXSxZJyJObTolX2VTTyky
QFYkaWhocldjL0VIRVBlWENoJlYmaD5LW3FDVyM+TGEsTEBmaTtMKEBOdCtqQjRdb1xYOmpeQV1a
RnUmK3E/LGNGZEtHP21XKT9iRihhPz9bUEpNTlEscFBbPV1vci9YMk1QKURfZyg4THIyaHFoO3Rg
Pl06O21cZ21MKmhtN2JILC0qbHJaPG46UiUuV09uI1MnNiUmaWlqJXVHPCUyPi9uXkcvR05NVjMz
dGxVOU02Kz1aUSQmRyI4dDghNy1GOTgiMzM1TyE/LV5VKGI/Ni46U1UkRlBjOXJYUSwzcGpvQV9s
SUwnJ0lRUWFfWVQ2JVAqWmFRYT0hY0VgUyQ8QkFSMW1gNkhXPmdQOT50RzxealVgKiJDLi1GLE5v
bFlbZjFlX0wqQy9lTWBdZCRfdS9yMmRNWT1COU07RjE9Vy48QzE9QkNcK24jcDBoK0toOVkkbUVF
M0M6TTYrdEpdJWAhTzIwVjk/OT5qc1pGPSs6TzVPMzIvUUlYZGgqJWhoOVEtYnI/Z0FKJWFJOTlO
a3BOKmk0UzVobWcsJj9lVm1lMSdsYy8kXykmb2dxWVNWYUdtY2Fxa2RBTW5ackxKLFFnLSQxSz4y
RiRNRistdEk0cj5bRiVCPnJcJFhMTFk8PGBiLFhrQFZwJmZyTWFoUVQqbVRuZzdJRS0hJFMrL1pX
TmZuZVBLZUtPO29sQCEuYDpGYCtYaFQiVzlORS1XK0cvVDY2azxGWExoZnM1cXQuVzwvYjomKS0v
JCEoLGE8VGR1O2xJaTVOImRfMSxmQ0M3aj5wV09CUms6W1JZT1dINmhMbzdaUnBeQig9RVNNaVhJ
ZCxKPkIiaiRJUCNKaWVRJCkvXF80OTdwKnQhc2pcPk5YXUVxVj9NLGlfTmJOZGNdXUVPV1xpUmRX
ST1DITRSU1hWNDNCPFVrQT5pJC0+VnQ0OC9kYy51QmkxMDklTUJoQSNIPl9aVD01XVY7bFxacU9D
M2pkVV4vczZfbio+aVVsIllOXmk0YDpOU0Y+ZCQsTyZyaERXJjYxaTEwOSVNQmhBI0g+X1pUPTVd
VjtsXFpxT0MzamRVXi9zNl9uKj5pVWwiWU5eaTRgOk5TRj5kJCxPJnJoRFcmNjFpMTA5JU1CaEEj
SD5fWlQ9NV1URW0paiknYCooOUBGNjYiKy0kZCUoQ1U2SEI9LlFbYCgkRWYnLFlJV0paZHJgSGNF
OTNAL00jLDcsPiItXGpedFg+KDdlYFJjPD04PTFJbVRWYWlocTRSazZcNWxDPjhgMytuNnM7M0k5
OFs1TTYyRzFBVGc9YE1fLDhZUklgMmYhOT1rajU8amYhPTsqM0tjZCU/PmU/SkNzZ3A5a0gmNzYz
SEhJJlAuXVNPW0ZxOlxYM09ra01LQG9OJmdfaDY9X2s/NEIzMVkxUTUvVCxPWCpRaUVqTz4vJGEr
LFhvNmtpN1plVC8xZiE7VE9YW0pIaWY0OzJfXjpXXTZERE80ZT1dcyROLDBQaloxPi4nNGg9Vz4u
UkBDVWMvOCRKcUFdNk5wQ3FmQitIQyE9MGMhIi82Wl4mVjtpZ05QIWhmajktYkFIQlIvTSMjdDhu
OyhFOWRaQHVdPVhacjJLUTNqUS91Zy5aRTFQX1BLaWpYPy1kUFxcUVIrdUVqY1RgPGE6ajFrNTRT
TEI9WjpCWENZcyc+RFhtXVkvdDVHSTxYO0xnaChIVFpFZyImNyRcUz5BP3UkRl1CYFU7MUgwKVA9
akMnQnFqPnViTFcmSmxmanNeRCViciIrSiJ1VmUtISdjYi1DXWQ3aTgyUU8pa0ZfclorPWozZmZa
bkxwSTxga2trb1JbZVU9ZEdrMkA+ajJtV0VQa0hAT1ttW0hwLyYrQDxJT25DWG9JcEhOK2hlXVRE
R1IqWXJYTTwwWWxPcDhxQXM6S1c0KWYrS3JKZiowUVdXJyZScXMvJkpVOFgtRGZrdWlgOVAoaUFG
bzojZ2AnQ0dVXCEoYDxxamljUypxVGRNSkpCXVpLUSpMXF1gNjxFKXQ7MjVHPzFFJmEuQUA9YGgq
N2d1Vy0uMzMtXSpUP3EsM0xpX15bLzM7TlZtVyxXUlNDT3QmOk07TFRgJlZtPig3ZjpmR0leaWRj
S1xSJC1UJTU6aWdgIlpNcD01RF1BK3FCQkQmQSMnOk1ULUVSKCk+NzshUl0/I0dzXFpbMTQiI3Up
YiczK3BPWlU5Zmo/L2lVdGk9WnUqTEtJMm1OUzI0ZWhkRmghMFFeZCpwWElmKjY2QmF0YmNDKSNF
a1xNS1NiS1knSDxtUShWVHVlUGxrS0koM0ZMST1lal5wTTRYKFQtJ2hCXzkjRDxDRDBHOCVKNTQ1
MzxzLUpYcz5aRWNCMEgrQ05uPmEoXnEsXkMna2JBMTZgUyU2MmVoI3NuJmM4TGl1JDI8UGhYSzla
Tz9MRFw0ZjQ4TTU4YCMtdG5sZilGQWhHYFwyaD5iTVpdLTVLX0w2XF0uci1yLVFiL2EmMjstWVBP
dU1ANl1VImhqUkVOZTA6I01LLENhNyZrRSpscXBiMWIpJGptRkk3OW0zdC1qQSEtO1lAVjleazQz
UDonPV1BTmdJVWxeZ20/V3VaOFFjTFxbci9RUEZaUDlHbldyc1JyJTVnUC5SOSg5ajFUS2g9WVNz
PS5SV0EsMGhbS2dCbEstQVMnXCdjWlhLXmwtKEk1WEhMMmRFKHNNOmYlcCI4QjMxWUw+VSVIQ1xf
QEdCVWgrLG4/LWRcO2VgazooaWlKPFRTVCU7LDxuPysiQ2hIaD9jPE1SPS5fNDo/ZjspdGhoLUo/
TUcxR2okLS91ImhdOkVuOD4jczUxb2tcOEJTXihJYWM3NkJaJC5rdGFBX2dZPEcnO0YjYlUpOE1Q
LlI5KDlqMVRLaD1ZU3M9LlJXQSwwaFtLZ0JsSy1BUydcJ2NaWEtebCJqS0tjSVFlNUdGKil0X3M2
TyoyQTUxWWMwVmp0XSE+b11cQFl1YioqLSxnW1pOUTxDMWFYYWY5SjRfXnRuLCtpMzlkUlomUVxJ
PSM1MypcPztwZCJSW25vIylDYVpNLz1OYF06LkRnYEg+YjotPysxPjJFN2VAOjJELnBoVVRoVi8k
OkM8Mk0mS2BbRD85b0ZeYztIbzwpXiE+JmRoTlpPLERtWHBrbEFXdFg1WVM5SGlzZjhBbjpSU0Rg
LkVjI2J0PyhLVjtpazI9W11pSkI+ZW5iRDNRWVY1a2xLWjtHJydFUUZtJ1lpYVo9WGNbXTNIOXA8
YF5aV09aO2ZFaylSKClDYVlkMVwyUDxpYSpMJjtYdTRzKkItUWMnTDxtLDJkKDQjO0cxKWU3SF9d
UEBYO0E4Mz4tamNBLUs8bHFwYC9UJ1hoMy8jLV82KygyXT1tI0g5cGwiMjs6XTgsNDpHRmNgcGcn
XG5mUTZkWz5vPFVaJDlxKFVXVTZaXmwxYmluZUFEKjohZDFdQExkR1NWYWo4KUV1MmY2MGtbMmdJ
WiQlbVl1dElIMDs8dStESi5RTk9aVCo/SFlAXlNEOk5STDxpSEpXOlRcbV0zSltjM1NCcVhbQiws
LzhgJEU7b3NxXD4/SFlAXlNEOk5STDxpSEpXOlRcbV0zSltjM1NCcVhbQiwsLzhgJEU7b3NxXD4/
SFlAXlNEOk5STDxpSEpXOlRcbV0zSltjM1NCcVhbQiwsLzhgJEU7b3NxXD4/SFlAXlNEOk5STDxp
SEpXOlRcbV0zSltjM1NCcVhbQiwsLzhgJEU7b3NxXD4/SFlAXlNEOk5STDxpSEpXOlRcbV0zSltj
M1NCcVhbQigiKDclSjo2PT9TJFUnLltqPmRNNnU4MVtmWDI2PVNJT2Y3cWdzRV06OC8yQ0RkTUc8
PkUhMl5da09TVCZGSjRYWUZlLnIwNFMnbUksQ21zOSVBQGF0ZTpMPUw/YzJtS1lILVhDXzk0N2ZV
Ni1SO2BgRSxBXT8tWy00U0NOSW89R0lLQnNIPzJEXmVIc2leZVQ1YWlaKkg4OD8jYidNbzwoIyIs
Wl5JVEQtL3FLRzd1S0JGNChlSVtrbUshRiRhP2QkLmpwXkYpajRFWjhPKDlFSGFNOVh1QF5SPGg0
Mkg9P1MkVScuW2o+ZE02dTgxW2ZYMjY9U0lPZjdxZ3NFXTo4LzJDRGRNRzw+RSEyXl9eTycwLDE5
Tj1tY21YL2NwJkckOkhIUkRXY2xfbTZTWjNxNypjZVZUYlVYPlckaC8kI11hbXJobSpcPSg2TEs+
WSIjXGlUQSFWcSRXbjNOUCt1LzFbZCUnQ1UqSlNbYioqQzRqRjBaRlcqZURQdSRBUmxSUS4zJVFT
XFd0WHJGPitOMGtfZU9oQVpFaCYmblNZOFRNNDZOLDJFMzY8WC9jcCZHJDpISFJEV2NsX202U1oz
cTcqYzxUaU0/JUlTK0hoWSQiNmxSa11VRiFsLitoaUsraFJkP1A9MkNEVU4zS2ZzcVlvRVhyLGEk
VmZrQTdGYV83SWdQb1w+O1prVmpjRFg8cCNBUEthRWI/JmtgRDpAKEhiK1w/MyVmZj5PPDo5YS8s
LFgkP1wydTN0VCwtL2kyZmpvL1VGZEY/O1xKKVUmRGIoTEQ5bTRmL1JoTW04KihlSklmU3Q+SVAv
cUNERiNNXkFALDlwOEhMQV5ob0dgcl08ZzApXGFsV2BsL2s9PzItWyk5Qk88aC0jbSRwZC4tV2tS
UVArRmI/KXVZTDpPayF0dENNaTQ8UzMrQEpDa0tWdEFAOTY2PkZSVyhrS140a2dZZjpLPWAmLSdl
bixFOFxbLz9eMkU3ZCs8WkBSOFtAK3BRbWQtc1slMVhuTmVIWTJRRDxBJ200MWpjb0s+VTtsW0Q9
ay1SbE4lX2NFOTRfaTMzaHNEL2RlT0FlKiJwWmBEQTAzMzVNSylrPTdCUkRYKDVtJklCJCVQKlts
IzNUZj5rLTFAO11CWDNiX2IrSUlfKVlfaDNAc0A9WHViPXFZUygpVUY/MlglW2M9TG9RXj0xOTJQ
OFYrW2xNUlJoO3QwITI7PC0mSyQyP14tQ1tlSUtBMnBXam1JMDdjXk83MkNWZixvQXM6SWVbX1pm
VW5vQXE3a0BgJV9ncFEpMkVqTm1NJ0FNRyctW0U4N1NGYSghNDc2OWtIK0RVPW84Lj0nUyExTT8/
LWA3S1pRNDZBXEBnVTVaTURFc1xCUlRPbU9tXSNYUCZXRygwazBgMlZFSWUpcjBSJDA2YGIoSWIm
PlU+bWk4PDJrK1ZJWW1rU2xQKmBmKDNCcTtmai9yUVBRXl5dLVRAYUBXM1FdSiNqZF9yI2dNdGhz
YktKLVdSbm1rPGc8PSE1QDxMKzdQckwudDxhSUJqMmsrNDI6I01QblJsZk5LWjpeWE49WHUubExt
cSxDbU51bnVsY2t1PUE2QzUoYWZMYm85Pm8oJT1FYkU8a09tdV8ybVRMdGtARS9kYjljLlsnPEpl
UFNGXyZKazhSUSlNL3RGZmpsSStwWk8sND0iTzs7K1xhdGUzWDJJI2RbSVM/cFxDaCNORD9CIjZo
VkBvclE7dXE3YlpdOyY3LDJVMUZaNGttPz5vN1osS2hRVjoxZ1dAPlUiJkRfN0gsTzNOa0FjXjYp
dWwzJSklNT83bGdLUnBiJkhpMS9EZzQ1XCxiOHQ7KUoua2Q2RlJuXC5ZcVskQGZUPUM7cVpDRFQv
YDBuNixkK1AzYFAqXXNpRiMuSD8zQEBqYTFOdGRPWlVwJyMwQHNhdEIkU1A+Ojk1KEBtVllAKFA4
Nl9yWTAidTZTPGAzKz09KThKaDFYJyMvWCFiT1BGXDEnLydCclg4dDxIKCQoWGRvLF5IcEk0I180
XVE/LU4jMy0wOVczaCpLSW5vQEhKRFdcI09rSlNpaWszYVI8MkpKPDdqZFBQa2JaUylvTSxpUVpo
K2QqTGROWmZWMjssTy5aYS0pN1gyTEY8UyddaWE3P1ghUVo/JWc3QU47LD1NKTA/N0phN1J1TDEo
cFJAMk9gLShrdUg5TDEocFJAMk9gLShrdUg5TDEocFJfO11xaj5wRjd+PmVuZHN0cmVhbQplbmRv
YmoKNSAwIG9iago8PAovQmFzZUZvbnQgL0hlbHZldGljYS1PYmxpcXVlIC9FbmNvZGluZyAvV2lu
QW5zaUVuY29kaW5nIC9OYW1lIC9GMyAvU3VidHlwZSAvVHlwZTEgL1R5cGUgL0ZvbnQKPj4KZW5k
b2JqCjYgMCBvYmoKPDwKL0NvbnRlbnRzIDEwIDAgUiAvTWVkaWFCb3ggWyAwIDAgNjEyIDc5MiBd
IC9QYXJlbnQgOSAwIFIgL1Jlc291cmNlcyA8PAovRm9udCAxIDAgUiAvUHJvY1NldCBbIC9QREYg
L1RleHQgL0ltYWdlQiAvSW1hZ2VDIC9JbWFnZUkgXSAvWE9iamVjdCA8PAovRm9ybVhvYi4xYWI1
ZDE1NjZiMDkyMGM2NWVjNTJhMmYyYzc0Yzc5YSA0IDAgUgo+Pgo+PiAvUm90YXRlIDAgL1RyYW5z
IDw8Cgo+PiAKICAvVHlwZSAvUGFnZQo+PgplbmRvYmoKNyAwIG9iago8PAovUGFnZU1vZGUgL1Vz
ZU5vbmUgL1BhZ2VzIDkgMCBSIC9UeXBlIC9DYXRhbG9nCj4+CmVuZG9iago4IDAgb2JqCjw8Ci9B
dXRob3IgKGFub255bW91cykgL0NyZWF0aW9uRGF0ZSAoRDoyMDI2MDYwNjEyNTUzMCswMCcwMCcp
IC9DcmVhdG9yIChhbm9ueW1vdXMpIC9LZXl3b3JkcyAoKSAvTW9kRGF0ZSAoRDoyMDI2MDYwNjEy
NTUzMCswMCcwMCcpIC9Qcm9kdWNlciAoUmVwb3J0TGFiIFBERiBMaWJyYXJ5IC0gXChvcGVuc291
cmNlXCkpIAogIC9TdWJqZWN0ICh1bnNwZWNpZmllZCkgL1RpdGxlICh1bnRpdGxlZCkgL1RyYXBw
ZWQgL0ZhbHNlCj4+CmVuZG9iago5IDAgb2JqCjw8Ci9Db3VudCAxIC9LaWRzIFsgNiAwIFIgXSAv
VHlwZSAvUGFnZXMKPj4KZW5kb2JqCjEwIDAgb2JqCjw8Ci9GaWx0ZXIgWyAvQVNDSUk4NURlY29k
ZSAvRmxhdGVEZWNvZGUgXSAvTGVuZ3RoIDYwNgo+PgpzdHJlYW0KR2FzMkY7L19wWCdTWUg/KCRC
RjwsYChnZkpOUmRAK0A5aipbO2k3XDNvRlA/ISlvUWhyT1k8b1opc0wzQHMiak1oMFhPbl8uYD8u
Um9kQytAW1Y3VSFJNG5ENFdqNSFNMChpbF9kYTlAKmheMisyJC9MaUEkY1tRWGk+WUY6YF4nLCpb
cS5RKiVBLT9YcVpjYkNWX21pbypEWT1hKS0iMGFWJCY7QEBuUHFxO2lyU01yWj10VVc/cjZCIk8h
Z1QtL1ZNL2Q7WSUmW083bD09M1s3XldUR2wrZyVIXlotZSEnRWEuNixOaUgmTEZrYHFJYmZLZl5y
cypMIyFJJzlDY21Wa3MyTCR0YVt0TGU2S20nbkNENjQ4QWpkc0VHV1EoNS5YcGAnNmtkJXU9WCcm
Uz9JJHRTJGwiMzwuOmEqQEpQclFLTHJJOEhHMWooLT5EYkpYRyU4cCxuVlFpXCdgY2AmRTdrPmFF
WDdvOitPUHRqZC5WNmEzRWA1c2BkOFReLFFfLG91ZCokOyE0Kkk0YD9nbCxRLUoqTERjKV0rMiE7
VFgrOFdwQigpZjhtI0JES2w2QCRBTEc1LTEjNl1NMyUsZzokaXE6RUVUOFRccipRU2xkT0cqWDRZ
OUtHJXBbWVBpaGgvKnNCWjVLUitRKm5ATylcKUBMWGs0Ris3WGJxQDxGYipjT29yWismTXNibkxx
WmpGNShpMWhQXks+VENDQVssdWZhQ2ZHKyYlKXNGazliMVJhLztiajNkJytvWT5LT15ULF1yQy0z
XkNITCZoP19ZRkI1W2MnXn4+ZW5kc3RyZWFtCmVuZG9iagp4cmVmCjAgMTEKMDAwMDAwMDAwMCA2
NTUzNSBmIAowMDAwMDAwMDYxIDAwMDAwIG4gCjAwMDAwMDAxMTIgMDAwMDAgbiAKMDAwMDAwMDIx
OSAwMDAwMCBuIAowMDAwMDAwMzMxIDAwMDAwIG4gCjAwMDAwMDc2OTggMDAwMDAgbiAKMDAwMDAw
NzgxMyAwMDAwMCBuIAowMDAwMDA4MDcwIDAwMDAwIG4gCjAwMDAwMDgxMzggMDAwMDAgbiAKMDAw
MDAwODM5OSAwMDAwMCBuIAowMDAwMDA4NDU4IDAwMDAwIG4gCnRyYWlsZXIKPDwKL0lEIApbPDVi
NTU2M2FmMWEwYTdiMDk0MThmOGQwM2M4NmQxMjdjPjw1YjU1NjNhZjFhMGE3YjA5NDE4ZjhkMDNj
ODZkMTI3Yz5dCiUgUmVwb3J0TGFiIGdlbmVyYXRlZCBQREYgZG9jdW1lbnQgLS0gZGlnZXN0IChv
cGVuc291cmNlKQoKL0luZm8gOCAwIFIKL1Jvb3QgNyAwIFIKL1NpemUgMTEKPj4Kc3RhcnR4cmVm
CjkxNTUKJSVFT0YK

--===============6597937336976004668==--

-------------------------------------------------------------------------------
