Content-Type: multipart/mixed; boundary="===============1557004830390913403=="
MIME-Version: 1.0
Subject: Il tuo Biglietto per Sala Ferrari
From: biglietteria@sitotributo.it
To: cimmino.angel@gmail.com
Date: Fri, 12 Jun 2026 17:20:49 -0000
Message-ID: <178128484942.381622.605170772762491299@debian.home>

--===============1557004830390913403==
Content-Type: text/plain; charset="utf-8"
MIME-Version: 1.0
Content-Transfer-Encoding: 7bit

Gentile Angelo Cimmino,

in allegato trovi il tuo biglietto ufficiale in formato PDF.

Ci vediamo allo spettacolo!
Staff Artista Ufficiale
--===============1557004830390913403==
Content-Type: application/pdf
MIME-Version: 1.0
Content-Transfer-Encoding: base64
Content-Disposition: attachment; filename="Biglietto_TKT-CBBF065D-01.pdf"

JVBERi0xLjMKJZOMi54gUmVwb3J0TGFiIEdlbmVyYXRlZCBQREYgZG9jdW1lbnQgKG9wZW5zb3Vy
Y2UpCjEgMCBvYmoKPDwKL0YxIDIgMCBSIC9GMiAzIDAgUiAvRjMgNSAwIFIKPj4KZW5kb2JqCjIg
MCBvYmoKPDwKL0Jhc2VGb250IC9IZWx2ZXRpY2EgL0VuY29kaW5nIC9XaW5BbnNpRW5jb2Rpbmcg
L05hbWUgL0YxIC9TdWJ0eXBlIC9UeXBlMSAvVHlwZSAvRm9udAo+PgplbmRvYmoKMyAwIG9iago8
PAovQmFzZUZvbnQgL0hlbHZldGljYS1Cb2xkIC9FbmNvZGluZyAvV2luQW5zaUVuY29kaW5nIC9O
YW1lIC9GMiAvU3VidHlwZSAvVHlwZTEgL1R5cGUgL0ZvbnQKPj4KZW5kb2JqCjQgMCBvYmoKPDwK
L0JpdHNQZXJDb21wb25lbnQgOCAvQ29sb3JTcGFjZSAvRGV2aWNlUkdCIC9GaWx0ZXIgWyAvQVND
SUk4NURlY29kZSAvRmxhdGVEZWNvZGUgXSAvSGVpZ2h0IDM1MCAvTGVuZ3RoIDczMDYgL1N1YnR5
cGUgL0ltYWdlIAogIC9UeXBlIC9YT2JqZWN0IC9XaWR0aCAzNTAKPj4Kc3RyZWFtCkdiIi9iNDBu
NjUlKWNjWFJzcFFtYUU6S1cobzBqZG0lPFdvcy1ANSFRPVgzYkFRYj0xPWRFVyVRPVgzYkFRYj0x
PWRFVyVRPVgzOmoxam5OcUpzJkcuU0pISEhcST1DKVNbUEdcUV5TTFYvM3VdX0YvUiw/XXIuWVhk
LiUsW2J0SiMsLmtpSjhSTG86OG5CR1VFM0NzWD8vcTlJMDZfMy5aQlFyTj0uJSgzbk9xO3NdPHRP
PmFxaWJfOU91Y00tMGBWLz4sYSZhJGduYFZaPjlCJG9dOXRtPDBqZm5wQmhTZTIxQS1uRWpvKCE5
QStvREtvLC43XkVlNjw+Oll1OENyKmclNyg+KWVBSWBMOFNtLTMmWGtXYDszSGdCaFg+UDxBYEZa
SnFtby9CJDIxRGdda2RfRnBmdCtqbVI6RmtEYEVLJiI8YTk4JnAtKiZKPy9sYDpOTGo/b1JCPjZA
UFc8b0g/YFosMkRULTFxRFhVTmRmSlMsX2YnJ1haUWVBc2A6UlBfRXByLUYzaz5raSJsaDNNUk5h
OlpdQ1E0b2lFTEVyYHFpaiphTkYvYkVIPl5dNVtWa1A0azMwQHFvNTApRVJIciVtaVxEbSNSMWov
V1tyL2BLaGQqInBYZCtkZVNBOF0yUFdAWDRqWFBcJk49TkV1LlA+Y0RRVDdxKkktWyohb1xEQWNn
ZmdcZWJSJVA6NyUqWUs+SFpDdWZCQDBoVjthNlhFMSVBTmNGN10lOSZFcExfbF0yXWJGSEBaOjZb
Y3JdJmJEaUdFISpBPFtvX0MhZ2JvRWsnWktcWDdZNCozbyFvPFxCRzdhayFZWC9YXXFzVkdMdSV0
Q1NnI0ctWkdJZUFeN2MmXE90YWJVVmo0IU1UX08qQVBTSU1obiVvIUk8VVtjaHRDbSlBYGY1KHAu
XEcpW2xsUDkpSENRbE5PWzMmRW1NSGsuZGpgWGskPWBzJUJeOzBSOGBQLDJiRCFFcDw6MGI8Mzx0
b2lcR1N0NG82UypcRCpVQ0dFJlVbXDQwXzg6OlkjcCxTYk9YMVw3YkhbMEc2PWJLTUYwbSRqZzFE
TDYhUDI2LDZjKUtEMCpqZHBtYTw4Oz86YmUkP3ApSStMPjFUMCQ3RGokIWltP3I3T1cqNGdoYCtB
KHFIaEwwM0VPUyhlbWkjMkFFL2hCT1M4dXJpOExqLzpCQkVMW0RSX1JoaFhfLi4ndDdfOmIwJUE0
Z15VX15oMFlhMFY7ZGU3O0hdRTNOUCIwI1ctY2lIXDVfN0g4TGM3XlkmUURVKUtrTG8jKygzTzEu
YyVnaERPX1U+R0xVTGNlcV1AOS4kWD5iZShtTkUsM3Q6azhATVNEVE8vaFEkTHVrKWZDWUhwSDQo
JGBAW0xSWjgxa2VHSmdPW3BSWiM6V09PNzw8KiYtZWopMkBhbEpEK0AvZXRqK1AwMXFbQ1lUQi43
YnJFX181Ni5XOU4jI10vUyxFMGFiYCojYXFqYGImXV8nRTk5VCxIRzJnZjtaR2g2MWAzRitVUCU5
JFVTW15KUkNpUz5PRVU0VVksYWs5Qy1nbzItPk1Tc0IqNHMzRDhgbzNqTSojZSQoQUdLU2EwK3Iq
UDU0b3NpbSsoImBJMltDWiJzOSNBOkQ3YFwyMSUhRVNoXlRsbCpWYVJAZUNGbWBbK2FoIk84WF0+
Y0txazMoS1U0Ki9PW3BVcTBaWTQ1L0pxPiMzbmNDRDJaSTtkJjRYWUNFKmFoQFpEbTZtUUNtTWJQ
QTNJPyxJbTZtUUNtTWJQQTNJPyxJbTZtUUNtTWJQQTNJPyxJbTZtUUNtTWJQQTNJPyxJbTZtUUNt
TWJQQTNJPyxJbTZtUUNtTWJQQTNJPyxJbTZtUUNtTWJQQTNJPyxJbTZtUUNtTWJQQTNJPyxJbTZt
UUNtTWJQQTNJPyxJbTZtUUMwJTY2YGpcM24yL0AxYD1RVkddOi9AMWA9UVZHXTovQDFgPVFWR106
L0AxYD1RVkddOi9AMWA9UVZHXTovQDFgPVFWR106L0AxYD1RVkddOi9AMWA9UVZHXTovQDFgPVFW
R106cjAiXkVvbiM/QVgnS2JXRW9MamBJaz1bW2dHOVJnYkBUZlNvaStcNi9gajE0OHBrdV9pYmw8
Tj5iZG41TTZFY1JbOGAhJGNXJltPUV5NWD07YFhCVVBlV002bmEyYSVdQihlaE5JISclXjZcP0E7
QzAlPztmVDlPQiEsISxqaSNiS3JgWj4/W3FAMllRSFJLMGxEXjxLPjA6MkZRMigmSGBTR1ImXE9K
YEknNDRFLkNULnMoU3VLNSgvaTIrWFZmTGQ0Lj1XcExpbkg3KEdLWFJbKVlJJylIbkFuXlEnSWJR
YCs7XEE9aFxPXGYuZiJkN0MjQ2dFcnNzTGxjV2o3O0heX0hdQFNibFpVTS9oWj8kKiFNIU41cTov
WTYvQj1sYk0wc2E8UzdeQCg6ZjgvYjlBUFEtK14xWSgwMGVwIidaOjstQCFuVzdvYkBPRkg9aFxP
XGYuZiJkN0MjQ2dFcnNzTGxjV2o3O0heX0hdQFNibFpVTS9oWj8kKiFNIU41cTovWTYvQj1sYk0w
c2E8UzdeQCg6ZjgvYjlBUFEtK14xWSgwMGVwIidaOjstQCFuVzdvYkBPRkg9aFxPXGYuZiJkN0Mj
Q2dFcnNzTGxjV2o3O0heX0hdQFNibFpVTS9oWkVzMzI+W1FvYmo2VGNsTz5NOHJlXklLJj9aKGpb
UkI4czYvXVpQRm9IN2w/Y0RtZUFcQSRgOicvTmpQXDZHISI9NlckIWthYl5MO2ZSNXIyJ3VxRClL
RTUrQjxUYTlVc1Y5KVN1MU5ERWJlQG1DYzEzaTNSMXMtIz4oXDc8XXMwcnAjWGJsUitaNW1oL10l
IThlNyhTbiNVaShNWC9IZjBlcCNiTHFEYi5IXixXdE5TW2gyMV9uVy8+QFYsU1d0QlIhRVY6a0Y4
L2YxSmw9aGBOMD1Tcz5iWjV0VlFLLj0zSEI5dDBCQFlJMT5bTUIuTTQoSjhnYiRTIlg3Uk5Lb1pq
SjdXT1RbdClIUHUnWTQmN2FIUmVHQTs0ZCIrbzYpPGowRGE2PD9WQUFvLUhbIU1IZXFOWWxwXWY4
aihrWChnSS09XURwUjBwU0EiLGpDT0BdS0dGTCFWb14tb2NPZz5qUENRNU5vaWJmRmtNN3Usay1a
XHBURGxyUTs8ODs+YjRPTFkkbTZvNitvVzohYlFBVzpLUFVIPiRdVWQtc01uWlU9ZjI/VXRNPU8n
bFQhb0BuSGRUPVJwZl0wODJHcCgwZ1tmUzRCLnMsNClJSC5WaCdVOFhJPSdnU29SKT9cM1VyWWJT
JXJVRGklZkBIPjA8LzdWNEA8VV1NNzw+PkIkIkAscVddT2YyPkBrLWYtMWhSNFlxbWdsZHUval9I
Om1eKFlEdVxCR15uQW86MTVnJSlQOCdBbllVJCFfJ00vaTB1NFYvNXMyYiksVCpnQjkuOCJkYldd
ZFNkTiQvYGpvcGliXGFgZm4uRGsvU1FZPF42V2chNDdQNFtiQT4iK2sqRUI9L1JNLjJuWFhvb15o
J3Q0MTM2KWxiKks2LVNHNWpsOiNJZDJFMSs2Xy9gaVMnLTdYKD1SQjlQWGtoQiNyblAucWgtUnMx
Ym08cEFZcC9GZTcnMCttK2FyRmM4aGhmJzFQblckWGM/SCE8YTRLMGxVMk5paGAmRTg9U1onZCZb
Si02VWdKXi0mOiNMQ0guV14iKUk0K21iPCkuZlMzOF1TOCorKydNTTd1LTwnQWlyPEdHNms1ZkE6
X0dEYm9LNTJoQ1JrVzZGZT5wUlVPJjtgWEFCaS1abiVGKyFBJy1pM085OjQsJktZKiVLZEUuKnA+
JzdHM2NaS1JdOjhRR0xvUStoQ3FdW28pVjFzcmRGLEUmLl1QPmxaWDxwPGh0YyRPbCY3TUMyczJS
O1A3M0QhNkZAWzRaTWdVdSxzQmYrNUhCLVc+K1I/TFRtMDM3PUFcJzk4SlA9PzQ2SFQmMW5SNW1p
PXBMOUUlRmthUlwyZWIrcltxP3FEU3NiZEFGWT9lWz5JVmsoST9SLDZJPSFsWGthPUcmPFZLc2Ze
My8yQ2YvSUQjZEMzYTVNazY/IzwtOWlwbCEoWEFIW1YpSSc3RzNjWktSXTo4UUdMb1EraENxXVtv
KVYxc3JkRiw3PyxGVTBQMigpK2UyOTs8IzM5aHIyOj0kLz9GPWVmJWZVbUpCWGMvbGc0ZSQvP0Y9
ZWYlZlVtSkJYYy9sZzRlJC8/Rj1lZiVmVW1KQlhjL2xnNGUkLz9GPWVmJWZVbUpCWGMvbGc0ZSQv
P0Y9ZWYlZlVtSkJYYy9sZzRlJC8/Rj1lZiVmVW1KQlhjL2xnNGUkLz9GPWVmJWZVbUpCWGMvbGc0
ZSQvP0Y9ZWYlZlVtSkJYYy9sZzRlJC8/Rj1lZiVmVW1KQlhjL2xnNGUqOEZSLlExdCJAND1nMG1i
QFMsamleY3NlSTRhUW9yQiY/SjRvOThmWGZYUkc8KldkJ0gjTmAuWlo9Qys+XDdiJU5bLEBrZjJD
SlteW25QXlpTLlp1ZzU3K0hgViRYJ3BcKyY8LywvRFJBW10mLDg1YUdVL2BqXEU0M3UmNHFmOCss
WFoySkM+W0wtTER1XCtoRW1NSSlBbnJvVyxTZXFfO1ZwMENvO3BgUjA6MUFHTUJiXjNvc0wlWXA/
dCpvcFskKDdbXlAwZDtLNys6amg6VVNjY1NFSkVnYSYzLURuKkYtRS91KzdiayxCYl0zP04tUj9E
aHFmOURObTpvUj49SDBncDk6PWksNzhISSVIaFFRS1g0bCskaWlqPkBcIUFlaWZvKUdgcSJGJ3Rx
LFhvKDl1VU51aWJnPlpOakJOYituPXNRUWguPW89Lj4pYkM7ZXEzYXJHJUlIOiRXR1pTMUtHZVpM
ZUZMWGgzbVs/TlxzP00mb2hbcUInblwjTl9OLkxyS2tHQUFYS1NBIittTS9VX1NTOFZFPmcvSyVt
LE9YLFxqdUBfOCcsJzJvSTYkMmJHLiI7L1hARCFJVjlFclFVKmg1IzRvOTk2PFVGTyJFRUo0MT4+
KENFbHBYXUBJKCslRVhlajZdcCpwYT5cV3U6IlY8WEslXSFbYl9jPGImYDRoJV9FXFB0Xko+SVRu
UmE0W0xlVF1dQEEwOi9cT0InXCNHanVAXlEkMiEjcW8mV2RCYlxaKj1hckcmdDE0YyQkPWhcLkBT
c2NdYjk6PWksPEA2KDYvJ0Y4UGVNRk9TQ0ZPPXBddWdKKERJcldhV0hyMGJEQ29GW1pXRVBbY2BK
YSovbGc2QWV1YmRtRVY6anFrZGN1P2JHRktsZnQrU1UzUjFyQiFeNCN1SSg8M11rKzZALV4pWW85
LUhdXEpIVTZzVV8tMT9DMCpoNidNPVQ5Vj9JNjhYWWgjMypiSkNsIlVBUW1ZKFVTJm5YPk1AJEVj
PFwhLiI7XW8iZy1NXkNRNDFiKjhDb0tiJFRkSjYwZ0dGPiU9OVsjUFdoLG8lMmYrZCgyclVlc1Bb
RV83YTZOciYodSNadS1QWTIoJjA/RSVkUyxJZ3RmTFhrTnRvTkpZQGhnXj5JTz9cPFxrbFNjUl9B
ImtVXXBPXDdtZkFLdV5ca1BgSGthQGspQ0dpRW86MVc/J29xXmtBaEhWO3FTXzIkSzQtPkE8ZTw/
bUtII250YEdARGV0bW1KTTo7LD0ydWpOVE9waGhkPm9eKFpxMDdRbV9zT1oxbF9IbV5oWHFHKFNc
KXRnI2w3R184b25YXD1SbDh0LGJEcSd1TihPOihdYC01WjhYNyZHJ14vN1wrP0tCP2cnJlNQKlhN
LEA5cGRSRUdIQkMvPDg6MmRDWk1JPSxpWiVRZGw6J1E3LE9xPldhUWJqTE0vVGM2S0NzaGQwNmBt
NnBPcWtVRDpMR21JQFBdcERuVSlLYk09TWY0bFE2WD5QMVs0KyhucnU+T1MnVkVqcG1HOlVuLW88
XXNDO2E0XSk2ZikkZi5naGllQCc8WCF0PFI0WT1FVjs5Jm90SDg5R0ZMI1RLXjZmdWVNR2EoUzoo
aWJdbDJvUmgnVTktaVZJUyFvaDlLTUI0JlBcbiFqKW1bdSMtJFxBJGEhNF1DMVdnIjVgRXFeMCY0
RDUsZiFYdFI3YWNXJ1hZcCwwTVVeNTRMZVJqZSNhbGNYLnExWSRvREkxOiwuRHJTc3ItSFxMMXFK
b2U3OVUwIl44c0NdQEFTIlVUPWhZUVk4aSQtR19iLTFCOllhKzhTMkBPIS1aNTJbbV5cKDsuVCll
SVEnRkBEQUdLIVUuYHBJZSU0YkdRNEUybCVGNC8vI1NbX1tfXGBYbDNXXk0tbDxgXEBZT2xcWkVY
IURjNDI2OWM2byMuWjNiWGomJkdOKVhways2P2pXPW48TD4/UkFYN1tFTV1YY2dta2Y8QS4hYXFN
N2kxKy8mNGhoYlBgUjx1KUZWK1F0IkRJbUJTKUhqY2ZbbjhGTT5mMDEhLXI4WEBiKyg7b0htYGZz
QTU4QExIPWpUbE9BIVBNOG8/WiE8ODpNO1FhR3RlN2FEbEU7SzdcWj43TjgjW29MYSMvVUZTSW8q
KD1XPmJnQUdLMWoxI2VUNDw/U25tdEdfJ0JjSS4oU0h0O0s1cTY+Z2ZBMClFaEZdOF08UFpERTU0
K2dmP1MpWy01JWljUEs4UUVLLSxjJVBBTCo8UjJzQ0hFUFplImQ7bmpVWkBfbjk+dGJ1RiVNOl1D
XDMiaixTZW9aXGBNYUlFRWkqQGRcPm5DNF5UbTdgQUw4KjNPaSZEPF11ZVZrZGExLyhKSV9ITktS
S1UvZXRpcWNSIzRCKUM8Tmg7cTgiIVFFJGokWj1IO0o8Nm5bTW45aUQyYVhRc1hRMGIkOmxLT2No
UkYhYj8xWSsnPWhmO0ExYXVyWkw0IiUiUnFCZWleb00icTpvYTkkU2dsZTFKY1cmJDM4WkpBcmFj
WnJuO2EiWChfWGZAZyxjQkVSPE8tXC9XaSdkQEE0IlVBY1dJQz9JKjQrYC5KSE4kbSRzbTpsJ2o1
bGNuajMuZWdpbD9FX0NHcTRdPFhnLWBNRmctOyxdWDlfRkE7JEk/MzpQKzZSPTw2PEVXV2gtckhP
cE85TTRfKTFCby5ARXNWcWEoLlo/KTIvVmYva082SS9XVz1LaDRBYjpVZ2JwSXBrPVM+Pkg3Umsw
dVMxWSI7NC5tMl1BXlhUcj9qWFhJJTQwYnVTUjs2PV4wPkFkaWVVPVZjWiowRlxDTGVrSV5FaF5l
SUJQbD9ZRWJNa0ExOTFILGlALiNZPFQ6cVEnbER1LjUvRl1ocG0uWTVJJURXUjs2PV4wPkFkaWVV
PVZjWiowRlxDTGVrSV5FaF5lSUJQbD9ZRWJNa0ExOTFILGlALiNZPFQ6cVEnbER1LjUvRl1ocG0u
WTVJJURXUjs2PV4wPkFkaWVVPVZjWiowRlxDTGVrQV4oXUlLbVs2KDQ6OG1HYVJsT0AuREEvMGon
IkNDSDhSSDZgY00tW0AzMipAIUQ8PTZTXTFraUk4RGtDaCxebGVzMzhfJ0dpSW42IVtAJVw+bVBa
NGssQ3NXQE9uPyZpaWRCKGRMKGdTdWY0SWRCXF9EZEpOPEhESDdGS2ZBTVhzIi4pR1s2cj9DTnJQ
ayYoaXEyJW1EZyguaGtLLydkblVDSC8jZkhZcW41UkNjMGFlayJeOz1YOEV0WFo1NEVZTWsvN21e
OEdyQWFWSCI9WC9LNUE8SE1sW2MyXFxeNG08JF0lOk9oUGUjUCVBO3BfcE9bW15NZzU+SmJxXGk1
Lmw8XXI/OzxEYTBPdTNsXjdNXFImQ0ZkXilsdFxTU1dkQVVGNyUoWV04Q2c+cVJIYllCMVxaS1ha
SzVqUlJBQWdcPWhgWmw8WzNXXVlFMS86Xj1KSD0uXiJvcWJBQ2ZKaWdCS0pNNmM1WS9YYEVvKUhq
ZjA8YFVIKk02RSFoPkpBW084TGdtKmppX0xQMjwoInUkQWwoTUNGdHNNaVlrdDZnZkBII05lc3Mk
LXNPRjpQIkAuK09sYWMnQU1ySjdwXjJrYGpfSEg5VXVFOnFePilhaSxFQFZhTz00PkllcmlUU1kq
JWhoRC5QVGFSLnEjRlpLNWpSUkFBZ1w9aGBabDxbM1ddWUUxLzpePUpIPS5eIm9xYkFHM1U4aHRK
JWdfc1BrWztJUi0kWj4sMS9vcSlcUjs2bzpZQj1WMD5BdVlPRTElQkxiWnBxP0knJFVHZm4ucz1K
XWpTIUFgYW9la0EvbVdhcWlkWCQhY1RxL2kyLEM1JSFYLDtSWU0sOj5kbFRFMSs3K3BcQSIlUUVn
XCdFcnFbZ0pdbDdwXSRLIT5bP044UVNKL05XJCFfKUZkPSZhW1hlZmpNbUA6dCc6PmRtS05VSERH
RENvRS1EV18tVEVycVxyQ05RMlBGX2BGMUUnI0ZkUjFtKlMkIWNBWk5CJCU8MmM3IzInQlFSVmxg
ZGhXSS1cNGRZQV9gVlM5IVZZLXNPRUJvJUVHUj1CZmRaRmthUlxbcT9wXDNVb2guL2AvdGxEImZ1
bFhaNTRMRDtPVTVaT3MrKnBhNC5MRGtfV2ZIUUNbPFM4WzRBbitIKSRMZjcmcic0bz9HOypOYUol
Vm1UP1tyLl0wcVkiYUQuNDtpZFpLN1EoVEMjcz9bMiVrL1wnOThKSFQnbEonQWw0Mm5rR0BwRy1B
ZztNWSF0KWsuU0psKWZhI1dEa18oRC1IXXU1ZjNyTzhxOjlFUz9KaD82MzlBKDs7NzppY2pnM2Uv
WWRXUD1sYUQpQkRwTG5DRW9OUTo+Sj5zYmckV3ViPkIuQzRELDU+cy5cN1QhSTFvczw8UjQuY0Qs
NT5zLlw3VCFJMW9zPDxSNC5jRCw1PnMuXDdUIUkxb3M8PFI0LmNELDU+cy5cN1QhSTFvczw8UjQu
Y0QsNT5zLlw3VCFJMW9zPDxSNC5jRCw1PnMuXDdUIUkxb3M8PFI0LmNELDU+cy5cN1QhSTFvczw8
UjQuY0QsNT5zLlw3VCFJMW9zPDxSNC5jRCw1PnMuXDdUIUkxb3M8PFI0LmNELDU+cy5cN1QhSTFv
czw8TUldR0FbWXBdbyFLQjFtIUJmZlwkQGJuP2BgQCkyNEUxbDRzay9ZQVtdPFRiTF5KY1oxISo3
Z3JkY1VJQmYqQWVTJkZMcWo9bVlRLmMiQy9SUFIrYDRrdCNFQFdRR291MStLPGhrTSJtcGs/WDxi
Q1pVWz0jKUcnRHBZLGAzJCxiZWVgLHQ+KWFtJl1vUyJTPWRjQkZmKC0zZTokZDNLJz1ZOCY+QDRK
bkNHaFI1cEhIKSdbLENkLWIxOCheUkNQZCNQclc0PmVsb3RDbGNadD1QMDFxazI0Q0pmcS9Xc3Ep
QVpSYm1aIUIvPGJBTV42dE9aMV09JDRvaTsuSjRQYmJUP0YsX0xyRjIkRzNbPiJrOlFbPkpRUSdJ
YlExZjlcNGpfaDFYL0BgRkwpXlZKYmJacHAiYisoLC9DVFYkXXAjWSRZOFMpSnEpR08ybkkoPEhz
JTFCPGxwSTdfKC5sNWRqVSwob1RoLStTckUuLDhVOGxBZltcT0k2dDNGRDQqPi9Qc1hiSXBjOWIw
JXBjUl0rSStFanM1dC9CYj1NYkhgXEJaN08yKS9CYj1NYkhgXEJaN08yKS9CYj1NJ0RXXnE8LHRl
fj5lbmRzdHJlYW0KZW5kb2JqCjUgMCBvYmoKPDwKL0Jhc2VGb250IC9IZWx2ZXRpY2EtT2JsaXF1
ZSAvRW5jb2RpbmcgL1dpbkFuc2lFbmNvZGluZyAvTmFtZSAvRjMgL1N1YnR5cGUgL1R5cGUxIC9U
eXBlIC9Gb250Cj4+CmVuZG9iago2IDAgb2JqCjw8Ci9Db250ZW50cyAxMCAwIFIgL01lZGlhQm94
IFsgMCAwIDYxMiA3OTIgXSAvUGFyZW50IDkgMCBSIC9SZXNvdXJjZXMgPDwKL0ZvbnQgMSAwIFIg
L1Byb2NTZXQgWyAvUERGIC9UZXh0IC9JbWFnZUIgL0ltYWdlQyAvSW1hZ2VJIF0gL1hPYmplY3Qg
PDwKL0Zvcm1Yb2IuYTQ1M2I4MmM5N2NkYTQwMDE1OGU2ODNhYzQzNGQ2ZDggNCAwIFIKPj4KPj4g
L1JvdGF0ZSAwIC9UcmFucyA8PAoKPj4gCiAgL1R5cGUgL1BhZ2UKPj4KZW5kb2JqCjcgMCBvYmoK
PDwKL1BhZ2VNb2RlIC9Vc2VOb25lIC9QYWdlcyA5IDAgUiAvVHlwZSAvQ2F0YWxvZwo+PgplbmRv
YmoKOCAwIG9iago8PAovQXV0aG9yIChhbm9ueW1vdXMpIC9DcmVhdGlvbkRhdGUgKEQ6MjAyNjA2
MTIxNzIwNDkrMDAnMDAnKSAvQ3JlYXRvciAoYW5vbnltb3VzKSAvS2V5d29yZHMgKCkgL01vZERh
dGUgKEQ6MjAyNjA2MTIxNzIwNDkrMDAnMDAnKSAvUHJvZHVjZXIgKFJlcG9ydExhYiBQREYgTGli
cmFyeSAtIFwob3BlbnNvdXJjZVwpKSAKICAvU3ViamVjdCAodW5zcGVjaWZpZWQpIC9UaXRsZSAo
dW50aXRsZWQpIC9UcmFwcGVkIC9GYWxzZQo+PgplbmRvYmoKOSAwIG9iago8PAovQ291bnQgMSAv
S2lkcyBbIDYgMCBSIF0gL1R5cGUgL1BhZ2VzCj4+CmVuZG9iagoxMCAwIG9iago8PAovRmlsdGVy
IFsgL0FTQ0lJODVEZWNvZGUgL0ZsYXRlRGVjb2RlIF0gL0xlbmd0aCA2MDEKPj4Kc3RyZWFtCkdh
czJGRGY7KyEmQjxXIS5AdGI8LDJxMlAkZCNHLCN0L0hAWCM9aydbaz4xWS1idV1LcXRZRyQ8M2BR
cENoJVJicXFaPi0nQiQ3OW4xPlNlL01ZUVQ2aWQjayZbO1VeTyVhak49RyQmVzlaMW0/WT02Wz9p
MS10TF5oR3BXNEdvbiZtWFohOSxRaFciSmRbOyFpZlw3SG5LTlsnbjlKPStwLWc9aS9baVgkT0I7
O2Y1LWk1cUwrRWpcPz5LcyhJPV87JjNVOCxBNVlUVG82XmlcKUojPUgsJChYOSlpTT0oXFErIitP
KilzJiVDWmdwPCdDcm88cnJYKnVebDlLWTFiLiVUJ2NyQE8yO3FfM1ZOJ3U1RDcpWWpoYmwwZmw9
PVo0aGFiSjdgOTJ0IUtUaWJnSSwrSi5uUldCTWQzLTEkZU10NC5xTDwncjNcJD5qWmFGaCJLcmFw
R0NRIjBkKUgtOHBXRj5qXisxOCRQLTZrM1tQYzdfNDdncjxacCQ4a0FaSTFZR0EjSjs1amVaZCk4
clxWV11cL0k+P1tlNDxCImNLOCZvVzFOLUxpYHFeclFISkdDUksuVDFqMHA+TSI4MzpKPTJzcGxs
IUVFYCNqZWlgc0YkOj07dCg7JkU7KVEiIk9CXTxUIVtiRnB1cjRyR29rXEIhaiU4LkNsW2UvPkZW
XFQ4KjJZUFIkV2d0Ym1iWDFsXDVcbFhmMlVLaSQ+Ni1ZK2BsVkZCQDNkajFyPDE8X2c7OzYqPSVR
JUxnRDtTPDAuUS11cjcoJGkvLkQwImdTKT1xfj5lbmRzdHJlYW0KZW5kb2JqCnhyZWYKMCAxMQow
MDAwMDAwMDAwIDY1NTM1IGYgCjAwMDAwMDAwNjEgMDAwMDAgbiAKMDAwMDAwMDExMiAwMDAwMCBu
IAowMDAwMDAwMjE5IDAwMDAwIG4gCjAwMDAwMDAzMzEgMDAwMDAgbiAKMDAwMDAwNzgyOCAwMDAw
MCBuIAowMDAwMDA3OTQzIDAwMDAwIG4gCjAwMDAwMDgyMDAgMDAwMDAgbiAKMDAwMDAwODI2OCAw
MDAwMCBuIAowMDAwMDA4NTI5IDAwMDAwIG4gCjAwMDAwMDg1ODggMDAwMDAgbiAKdHJhaWxlcgo8
PAovSUQgCls8NWQyOTQzM2Y1ODM2OTdlMDVkNDA3ZTNkYzk4NzVhMTI+PDVkMjk0MzNmNTgzNjk3
ZTA1ZDQwN2UzZGM5ODc1YTEyPl0KJSBSZXBvcnRMYWIgZ2VuZXJhdGVkIFBERiBkb2N1bWVudCAt
LSBkaWdlc3QgKG9wZW5zb3VyY2UpCgovSW5mbyA4IDAgUgovUm9vdCA3IDAgUgovU2l6ZSAxMQo+
PgpzdGFydHhyZWYKOTI4MAolJUVPRgo=

--===============1557004830390913403==--

-------------------------------------------------------------------------------
