Content-Type: multipart/mixed; boundary="===============1178551588102931245=="
MIME-Version: 1.0
Subject: Il tuo Biglietto per Sala Ferrari
From: biglietteria@sitotributo.it
To: cimmino.angel@gmail.com
Date: Fri, 12 Jun 2026 17:13:57 -0000
Message-ID: <178128443787.358076.13314168194748821056@debian.home>

--===============1178551588102931245==
Content-Type: text/plain; charset="utf-8"
MIME-Version: 1.0
Content-Transfer-Encoding: 7bit

Gentile Filippo Esposito,

in allegato trovi il tuo biglietto ufficiale in formato PDF.

Ci vediamo allo spettacolo!
Staff Artista Ufficiale
--===============1178551588102931245==
Content-Type: application/pdf
MIME-Version: 1.0
Content-Transfer-Encoding: base64
Content-Disposition: attachment; filename="Biglietto_TKT-854B9C27-01.pdf"

JVBERi0xLjMKJZOMi54gUmVwb3J0TGFiIEdlbmVyYXRlZCBQREYgZG9jdW1lbnQgKG9wZW5zb3Vy
Y2UpCjEgMCBvYmoKPDwKL0YxIDIgMCBSIC9GMiAzIDAgUiAvRjMgNSAwIFIKPj4KZW5kb2JqCjIg
MCBvYmoKPDwKL0Jhc2VGb250IC9IZWx2ZXRpY2EgL0VuY29kaW5nIC9XaW5BbnNpRW5jb2Rpbmcg
L05hbWUgL0YxIC9TdWJ0eXBlIC9UeXBlMSAvVHlwZSAvRm9udAo+PgplbmRvYmoKMyAwIG9iago8
PAovQmFzZUZvbnQgL0hlbHZldGljYS1Cb2xkIC9FbmNvZGluZyAvV2luQW5zaUVuY29kaW5nIC9O
YW1lIC9GMiAvU3VidHlwZSAvVHlwZTEgL1R5cGUgL0ZvbnQKPj4KZW5kb2JqCjQgMCBvYmoKPDwK
L0JpdHNQZXJDb21wb25lbnQgOCAvQ29sb3JTcGFjZSAvRGV2aWNlUkdCIC9GaWx0ZXIgWyAvQVND
SUk4NURlY29kZSAvRmxhdGVEZWNvZGUgXSAvSGVpZ2h0IDM1MCAvTGVuZ3RoIDcyODkgL1N1YnR5
cGUgL0ltYWdlIAogIC9UeXBlIC9YT2JqZWN0IC9XaWR0aCAzNTAKPj4Kc3RyZWFtCkdiIi9hOTlS
N1AlKWQyZDkuL0lzVWZeQ3JfYko6bF49YVVtaGdedSg9ZEVXJVE9WDNiQVFiPTE9ZEVXJVE9WDNi
QVFiPTE9ZEVXJURXQEFUK0ZVcExeISM3Tj9ERipSMjB1UURyLlhlOVFMbGVWQ050aGI2SXRBQlk0
Mz1WZjM/XDhtJmY1KGwzVVVnLWJJQio4Ny06LG4kOUVXZjtMJy1OTG9KVElqJzZSLSwlTFkpSUIy
MU8+Vj9pQ10mbllvcDU1JkhZW2tjSDokM0hhZmIuTWRhcV5PXUJsWlkyPGtLTlVGM1tuP1YiT0I4
YWlzb0w9YEBPQTwhMkkpTGlvWV1kOkE4aEFUXnFTcmJnVVo+OUFsb18iT0IvcGhBWU5JIXFCa19a
ZGc7ayN1WmFaT1JicUpscWtNIkpDLFFmKUhTZyk6V2tYPXBJb05DX3QoSGpPLUFZSDlPIWFuZyNi
ZFlSUC9jXjNSJHJuODgoUWBNajwrSDhxTHFnOF1Way0obUFFUVMmdCRJWGImXiFFJidBY0NDJSc6
NWRSVl1ec2lodHFkLT9LU0duMGxiPjNFWEw2Tm9ZJlM7aSs7b0EpQUFJPTA7ZnFQOERqO2wkIXVi
dFhZRmg7cUpscWtNIkpDLFFmKUhTZyk6V2tYPXBJb05DX3QoSGpPK2tFazBhNi1FXVdlVmFyXTFs
MEUmMUImNUUlPWJCc1NPX1dDcGZAMEg7XVBHMGQjLl42SmVZb0NMVnNUbXRmNkNwO0VdSFJnOyw6
T3BnR0FIKG5daSc2RWYqaGtUIl5mKUJCRUxbU01lTE0nV0ZQYkk2REduYmUoa1ZDUVFeZztONiMh
SEo0c1lHRSRndCtJPyQmKVlOYXFab3A1NilYamFuL3VNNXRsS1JWS0hZMitsaEg+Sjk6NkI7QGUo
PChCYmUuYChQRjg1OCNqTFloLWAwTEloRE8wMzlOIlQ8b18jUik7bCk4PClYaDJgVz9zdC5ISjQ0
VDtPTWBnRzs+QF0nLVZjZW1ETXUnYmUoa1ZSN1hFOE9NNzwwQF1FRGk/L3FMIixoNTpSP1ZgYTw8
QFtVQ25QM1xaQypLSVdWaycyKVEkTHUrLVNuPU8mXm86WzovJHFxXVBHMERSQT84V2wwRSUyVkZr
RlYyO1pHSztHRGk6b3M+QjJWKSVLWEdIXXNfOSkxWltnbG9KSEFfbzw0P0dnUUNucFBEZC1ba0ks
XVBIPDlMPVtqOHFxUTNmcVZJUWFmPTYvOlk+Tkk6XGBLRlRdZUF1W0VWQ0FYVVFrNGdiPD4qOj9m
a1lTbVBWWEguR3M8U0hkX1omYmUobU5DTnRoOl48XEQqViFpYCJHRSc1ZG4vQS1OVDNMX1RodG8x
dClMJkNEMittWy5cKG0xXXBMVzI9bVUhZUhQayc2P1xMMmdvYkZIMDFPXW1ENDo6czhKYWxRTCVT
cklMIXA6YERgMjJMXz5iSl1gUDo4UjcvVzkubWE+RWA2Q3BlSklxSSooSkxXaCwyYl5Abzh1V0FU
TSNgNjYpYz5ZXy1cZnI0JUttb3R1WktEODNTOVJPdEQ8MnVPTEM7MERVMjVySGhuJjNEZlFYITpe
bElpLHVDW1lKaz4oY1RGXU0qXnBqXSY3T05HPzMkXiw7bElNIXI6KmAwWF8oVjxaYTRrJWpFaVA/
TlY2OjpzOEphbFFMJVNySUwhcDpgRGAyMkxfPmJKXWBQOjhSNy9XJF8yTydDaEFubT9iM29XVmMq
JW4sL14raFE8Pj5oMDdJcWtOQXI/RFhCaldeOlZCSDVBLkJKQ0Y8JFNoKTQnYjNOS2h0NC1ALENZ
NDlmYD1tYiYhTTo/cnROSF1pc0NAQl9LViFiajFdXnAyRkhhZS9CRmwtS2JTWSo3Ql08cjxPcXNH
QmtyMSk8b1hkciM9R1BSMCtBRWo+VFlFcGAoM1JxZjJOcVtUbTVGMihqV0RdLV9OTCZnUjU6Pyw2
TTZFNnFQcltCLlI/JSNfO0VwS0JIRHNmMTtpUistR1ghU0tAdTdDVS5bPCRFQlVPblRGJkc1Z3Bq
L287UjhdKjJsJCxFP29qYGleUVJcN1xlUyhBMnBOJzRzUU0+ZCo7T0xJQ1FLYFdZLWhVdStZRXBg
KDNScWYyTnFbVG01RjIoaldEXS1fTlVERU1sK0lcPm0ubTUpcWM0cHBGJjBIXzRZTkdAcFsrQmpB
XkMqZWZzX2xGUj0hcmRtPFNOb11sMjRqL3BrPEZiSilOSmJNM2M3RHBRVT5tc1RPcEVuVSVJPlA+
MGc/S1JpKEk9IzlhSGdmXUZQS1RRZGZzNU5SbmhUc1hsZUQlJWZtRFZKUjldSDVjXichW09kRVUr
P0poP0BjZWVRbWJpSChtSGFgOUZOUCpJdW5iVnNsSS5sRitCLXJzLmhtNm5PQz8vc29NOl02Impn
NF1xNFlzWThxNDkyODxbMDg9OlY9RCkwOyNyUG0/dSgtY2hEOC9baTBPW0hmRl9jSDI2Zz9UP0hS
WV0nbHFrTUlcJyM0bDsqYTtqWTBzKmFZaydRYj8/RDFWKWxKOjxdNj5tJXM6QjtHRmdqVic7PkxB
Xj5SMGsxIXJxUSV0XUBpYWpiWGFcND02XihXPCMvcGpRW11Nb090SGA5UEpFblUmVFFvVDxCOUJH
LS9SWCFMWTc1QyhNVCdzVkFXUVNUdCVrbEpPYj9jWl1SOV1INS1ZPytacC82MFxXP3RzRjtOXTJh
WktGOyhGNl4mdGIvNmswblpuTD1BMSFYK2hoZGIiUWI/Pz4/RS9qS11pNjc1XGE5LGViYWM5MlYn
O11SOWRJLUJrRjs8Li5HcGBgY0k1PzpIL0hxPnE9XD9DU2thJUJxZ007X1tqU2ZaRkFiY2dwTic2
SDRrWkMoUD9ST2tUOUpqNWFtTTleZTw5UylTPFJxZkczQStjUUZ1XExValJOcDQmNzYzakYnNj9q
a0ghVEdyaG9ObiwjKm9oaycyW2RuKS06aHA0bWlwOCRsc1dFMTRWZ1pZMXQiPjtSYU1YXStOVmk+
a1poZ011XTQsak1QQiFOMDFXRlxnRG0yRWI6RFBNQ28mXFE9dS8mRzYuUzJUKFlJZVZZZm1rYzU1
UkU4S19Wajk+W1p0b1UtXThiWl03LjtzcVhVJV1TRjR0PFpwdF4tNV4haGVxQUw6VW5TbSg5YGRC
PCNPbWwjS2kmXSlYYVtOW2lBYlw8aFhqKjBCdG9NLVdfUV5NWVlHXFdZcTdfP1wvXj4la0I3S2JB
I2ZvIzpLMThnK1ROU2YvbmQ2ITxuPz1wSlhpTWdCYClsOytWcCU7NFovZWQtNj4qIzc6SFZFZDE/
UkRSSFYoTkc9U20lMkg0KnNaZj5AL19RO1BidVpoayIjNFNpXzltbHMhZ0RVZiskQSdBb0JiTy5K
Rls5Xkd0ai1EWFA5L2VkLTY+KiM3OkhWRWQxP1JEUkhWKE5HPVNtJTJINCpzWmY+QC9fUTtQYnVa
aGsiIzRTaV85bWxzIWdEVWYrJEEnQW9CYk8uSkZbOV5HdGotRFhQOS9lZC02PiojNzpIVkVkMT9S
RFJIVihORz1TbSUySDQqdUBXRGJaZGpPRGFkbEdeVXNCOyp1N0lnNS5yZC1MXks0MjgkWDpmO0tq
UDRSR1AuSF4iNCFnKT07VE0vMVYmN1w0Y0ljYjdHSUh1MD1ybiYuKHU4MF5ubE9sdFReNGhlQFpm
Nj8zbTI1SEE0U11Ha2puZkQuQl9zOUMoTj5nNmRkblx1NzJnTElmWGw4ckRcNC1wQWpDcCI0Z21i
c3NmQEtIZjowYVFLMiJKIWVIMSJEYGooaUZUSTQpMHA2UTE3KE0qMU1abishZUNdWTUnMlckLi1f
bTZtT21QOFFJVmJoUjkhJ09FIyZORHVwYUZlN25sOEcyWSdeISZYazhEdUdzZWp1VnU+TmBRMktO
KT0pZj87cmpOPixcRERpSV9yWlpWbCo5MVxhS0koZGBlZjE9alhvJSRALjNhOmRYXjRdSG1jZSRA
cUYsXmw/LEImUUBXaj9pPmxVc2VBb21GSHM0a0U2YDI9ZjxoViloaURcXDxfcj9kST9JZ2lKR2g/
NmFCSjwzITlJVCdLJD9wJTxeR2JXWFFLaUFMMlc4PlNAT2tJSjxbPCshdSdiTTcvdSdPRSMmTkR1
cGFGZTdubDhHMlknXiEmWGs4RHVHc2VqdVZ1Pk5gUTInOkg/RjhgZlc5VyRRXSZvanBJaWQ2dFg8
O2ppS25dQS09WG45alFGS04rXydHV1ZmWSc8UUpoVmo/OTplcz9dQjdNRzw4OjFZYlVtckQyVV89
T2NeJzJqZjppcEU4WTlYTls8U20kYS8+QC9fUSlHUzApM0wtIkdddXJSSCJPRlFrOUxxJTBMcHFG
VDFYVU44SFlOa1lEZ2UlOEMsP05Aaz5aJmZvZS0hZyZqNShKMSpQMV0sMlVWRWJYQ2MmbVxxTFde
QGMmKFdtTzVJU1B0cjVmIjleOTlDUj5wYkNpaD42SS9VZ2hBWyY2Ols7UmVpR0NHTGdRUkpSbEhF
UVpFXUxOYGZ1aDRlQzgvLWEnLSNKaV1naCgnQzFqaTtMVVlmJUQsMks6V1xdIV1hUTpwc0ExSjEv
WCw1USU5UGRbQHApOSg6V0xfLjMqbzlwMls2OXIxVzZYYGUsKnU0aVBIP3NbWFg3ZTAxOWpdSWZr
V3UuVmZqQ2tIJEVPZmVGbUVeVUg1YTVMZzNeQjlYYU5dW1tPL15haSRZa0IhMmZXU0QnQklqbCgm
Njs7NzprTlUiX28sQj5mUDFZS3BnZ00zSWstZW1pKmhoYUZBTkRgdStSNj5ERU00Ji1XTkdAQC00
KnVyYj5CdVciRDJPMTxDSnAuLGhoYUZBTkRgdStSNj5ERU00Ji1XTkdAQC00KnVyYj5CdVciRDJP
MTxDSnAuLGhoYUZBTkRgdStSNj5ERU00Ji1XTkdAQC00KnVyYj5CdVciRDJPMTxDSnAuLGhoYUZB
TkRgdStSNj5ERU00Ji1XTkdAQC00KnVyYj5CdVciRDJPMTxDSnAuLGhoYUZBTkRgdStSNj5ERU00
Ji1XTkdAQC00KnVyYj5CdVciRDJNPFRnOiZIZFAsWlozLEw4PDZNSWMuUzlqSypbNG40aDNBYkkk
Zl44WSdXRiYtWjwxQGFhZ1txJHRwZj8hUFhWJzs9U0MvXklVRGJuImw7ams8Z1NvNihuYWtUZ2Fc
a0lLdWlbcFNAbG8iP107bE49TVQlX1wqaW5HLGJhXSlsVU9scjMrNzVGVmVWQ2lQPlNwM28qMTQs
IUNoYykoZ1xZaD8uUko/S28+O0RKc0NaUDtnO05dMGRbQWg/ZltqVSRxV1FcWm5jU3EsSEFGP0Vr
PnBkOUtuV2xqW3ApODRqV0RrLWE6VF9balJscSFKal83WW1tZCRAUjRPSCpRYjAwL0U5a2RQKm1k
JEBSNE9IKlFiMDAvRTlrZFAqbWQkQFI0T0gqUWIwMC9FOWtkUCptZCRAUjRPSCpRYjAwL0U5a2RQ
Km1kJEBSNE9IKlFiMDAvRTlrZFAqbWQkQFI0T0gqUWIwMC9FOWtkUCptZCRAUjRPSCpRYjAwL0U5
a2RQKm1kJEBSNE9IKlFiMDAvRTlrZFAqbWQkQFI0T0gqUWIwMC9FOWtkUCptZCRAUjRPSCpxRih1
L0lSOm5gXUNOdWdWSTZDK0duZDp0bFt0YSkzQUw6VEFlL0RZbjwqcDBhTHFKPyZsYEsuQUhDOVdA
LElOOG0uYjMuJzFhOS1dcTBIaCReMFlFR29nbDREVitVRlIrSD1HbUdlVyNRVCErS0tCS103L0dj
PVNoNFwtZ2ckRCtIMUw/SWw2LTxjSlspSUJGQz9PdFNAXVJvPjRYbDkpJVI+S0s+Wz4oInRlXm9G
MSwtVHIjSD5AYz4/PW9yKTg/TGpJOShoaiJOUTxWcF4+OWQiWUV0WWo0XTYnP1dEXC4tODBkWzRU
ISxWWGtOY1wrPiolL08/RS10MyYoNjlISycvVixfbjU4TCQoYyg4JllcQTxPQXQ6XU1NWVEiYkZZ
JFhxNSwmQkhHMEdQNzR0TCpcLnVSQEJhTEFMV1kocmYvISpga0VmLF1YT2lzPl5pOyc1ZyZVTS5t
OE9ZODBSKCptQWx0SGN0RGxPRENrOjtXbmpEcC03PkVSKyNRSmhTOSlBLjswIV9HZzVWak90L1xh
NCM6U286VkBVJCFxZjw5LyhXTS1IK2NTc0o9MVZBXiVtXiZna3AvdVApSCd0TltGJChjKDgmWVxB
PE9BdDpdTU1ZUSJiRlkkWHE1LCZCSEcwR1A3NHRNJWckI3V1SU0vajNDN2lvZUMxISUqQVkuUGBg
YlZzOFZtTS0yZkFnWTctaGFcNClRaV1eL1lWbjJwZmNnOkk7P0piWCptVDVXLXBoQ1E/Y3JzKVIl
UCdUQCs/ZT9dVkMlVCVMTmxDVURmblsiUi9iaihrJjFwOSFqJ1huRjFxVSVcMFM+MzpaaUNWMy07
STdkLzJJNkc8MUgiLFlMWUwuKldkTHA7JU8wPCxkZlhKazlbK19GYktcRyY8Q1JNaypqRHJSOUtO
LioqPkdfMUJRXGhvRHAkZThAb2QsUydXUVtONzkoaGowJzQ0USRpQFVKXzksXEM/UjxyaDpsS19f
Jl43Tm9uPjtGYHExYThfTnBZNzdLZj1PXyg0ZnNMS0E/JTpzNnFDbldcUSxaNUdGQTVQPXE+UG48
KyIoME9OUUAiWCZOSHAxQGIlRSpvPCdaXjgpPmFRKz8nWVdQNzUjaXAxO0FdSHBMKThMJFBPRjNn
c2RJRCpoQmZALCVqOTtfUUs3WUZiJ1NtLyZmSEMnSmxWdEtQRjlfQl1rI2NaJDJbbj8+ZC9lX1Nm
Z0c/MWZhUl5eRU0oX0heQm1aX1dbOW5SIUAqXmUmMThjJCY/XXJSXHAuU0olXkJTdSJTbzxcJDos
TzYwLGFHOnBSQiJoZSVKIyo2aG9PITJDLipHQC5TbmVUPE5aMzxqOTluRU9kQSlZTSJtLTRUIWk6
Mz41TDF1JGhlcm0wNj0tKm5Lay5zRDlsMWhwMW9hK20uaitXayM8U2I5Ml4maFN1SEpsZix1YSFv
OFVFLFdDRmdtViIxbFU7cTlVKjYhZ2VZKWdSaU1OSks1WmpfOSg9V2pRMmRdTzkmRW5oUipdJlJV
XkRlK1FJOENWTCghXzwhPVxrTDltOnJlQG1eY2NodWFbcSlOLUk4IyRgZUVfSGNvdXVkdUg6dC4z
aFQqUG45ImhzSjxSOG1cWUlBJkJtc1JsV1VYXFVWPlA2NSxxMEddMnFWSzkyMmJMY3Rbb0xidVQh
LFY2V3BiQDBJJiMzV0hYJDBlbS5rcyNWWV0vaWAmQzwlXjouK2diYXUjSUE/LCpIOVJOVmJsWylr
L2JqPi5POTtfUkJhMkJvL110VXNVY2NodWFbcSlOLUk4IyRgZUVfSGNvdXVkdUg6clI0TS9RMGZJ
RT0iOGtkYS80PEQjcFJJKlwrTDVjUUpfS2JRXSU4PlNwbSQoZ1Y9WjRmZSUtKk5FKWs4TD0hLjRy
Qy00XjMoMldQN0YuO1k0Mz1QcSZVVkdlUmg2OipBKVJdTCVMSUNTWGspWmluX0xDdFQsanFOPW9O
ZDt0OkhXZyZoLXE0OTAiSlEtIkkkN1U7KE9cMW5lJmo1J1hBTEVUKTkzcmMxY1NcViI7SGVcOEhh
YDhEO0xRWTtWISw/WS5USyk2bjlpUUpTTnMyLkglY3FxZjE7YDFCYUxBTFdZJEVJSnVQa2VoXDZh
NWxLTloocVsnNWsuN2lUY1E7SUlVUigtLWxobTstNzgyWCIqMThoTDRnLEkhaFhhOWk4bT0lQyU7
JHJJSFYnWFgqLjQvcl9lK1tcUScyamZmT05dLipVJVYyOEVOPlxGQj1qZHRDNlg8XDoyKCRCRGkw
QlVwJTFFJXJJZS5GJ0k3YGw5O204OzlcY1lHbihJK1ZVYC0nUFI4WzlVbUAuU0U8XXRsV0chQC8j
LWpAX19kTHA8UCdHSXRAbCRLbDkkKXBCQzhFUS8mOyNALFdcNWM+XlplXEZQPXNLYjlPXW9ZVFVl
NT5LO1lUaSxXRFtMQ0QyUWddKltGYFg0LUArWCM+KDFhSzRuMlpmJ2pmXTtWSHVXSTZDLSRlL0Ng
RSwuMy4xOFg3XyFWIWRQNztQaHFlZyheTUQ0QGxLOkZzOyc5JiFBRU0jMTk7PVhsMlFEVjZnbzhx
Zys/J1dBVEppNzs8OEJPdCo8IThEVm1NVWU3YVRabWVtZ0dgWWxSbTZwNlIqW0ZhIyVBSFJaPi9Q
dWc4bmZZTnBbb1ouO0pRaFxNVVdPYyxaUkd1T2guXyQ4WDNJaFs4MUthVkJYTmhdWTw1QGAwWzpq
KUw5JnRyRVZLPidxbkNhcCU/bFleKkp1cWFSYF4pbihOVnQjXiVXI1lJPWArLSluT0hUJ3BFRGYx
byIuVylJdGldZXRVIThgX2kjSHJwM1dHJSlwZlNdXjlhWFsuPisuXit1dF1AdS9NJzJvTS48Kmlw
TSVIOiNZSCZYckRlYylfQlIjNF88byhtWkomNzpVQ0NaUDtvcDM1b0I8Lm07dGZATzVacGxcVF8s
TDpTQV5NPjNvLDFOVSlePjlkSFFfYTBqSCtwP1g+cnNiVVRoYV9CcCF0OCIsYUkhJm86O2dTOy5v
VVJuQCVtQ1A+aFtqLF87YWBYYDlzazdAaSs5X3FXPlc5TXVKRE9wJHB0W0RtWEsnUW4jKyU8IWFN
MUooIlg5K2pkcWUvSidxO3EuNUsyOCQnKGJUbXBTLzRndGA7SlknYzlpNVFzZidwLT0xNllaP1o2
WSFzOSEqKioyRlgxaT5KbzQ8Yj1rZUdhSD9baC5eZDlFZyhcW0FEW2dWODAvSDBnK0EzPjxXbWhz
XUJpRU5MXWYhSSldWl9XOUpMakE4V0RbTmVWYkwkJHA9QWBBbmhRRC4iTDk7KFVlN2IvVC9LLS9m
aXVBS2IwKklWJl1nLGdTdUhJJlJAZWluMVY/MSs7SG5GNU09OSVLSF9gRkteKWdVVSdXSjRJYkph
LWpRVFw2N0NMN1VVOzJXayhoSVleRFtFQlZqYmRGWDBmLWooJi8rNTdgclJ0aEQ8OURvZF9lWUpc
Wz9ZcyhwalZWOTdrL1RJbGVzXW5Pa1JzaTlST1R1ZmN1Y21wQFtublYrPkliPnBkOW1dQmtbJj5s
L2hsTkRjUlxuaChVNVk/Z2ltQVpnR0VdTEY+Sj5CdVFsbigwMT1VYl5ROSphWVRVV05FaFZgLTo1
Jk01NkkwRzRuZ3JiYytRKVJKPUtSVWVzb1loanVvVldDWi9OV2gpbjNoXHNxQS1fdFwsU1w3dUpG
IjEwYy1HRkMtQyIqZ0VcKiklQy5adWZXV1tBSjtbdFphKSQwZzJjQi5rIkFTNF89cU09NFk5KVlK
ZFVtQ0JRaU1JXUpZbEguIT1YV2BbTTZNZ0UyZmg0YWhWYyoxdWlxcTtnN1Fob0NIZ142cywrMkIv
SDg+Iz1DSWs0bE9NM2wlcC83JHNXRGwkS3BxQVZdOyw5YT9TaV86dThFTm1PU2tPT2hBUWI9MT1k
RVclUT1YM2JBUWI9MT1kRVclUT1YM2JBUWI9MT1kRnBCI0tJPkQyWn4+ZW5kc3RyZWFtCmVuZG9i
ago1IDAgb2JqCjw8Ci9CYXNlRm9udCAvSGVsdmV0aWNhLU9ibGlxdWUgL0VuY29kaW5nIC9XaW5B
bnNpRW5jb2RpbmcgL05hbWUgL0YzIC9TdWJ0eXBlIC9UeXBlMSAvVHlwZSAvRm9udAo+PgplbmRv
YmoKNiAwIG9iago8PAovQ29udGVudHMgMTAgMCBSIC9NZWRpYUJveCBbIDAgMCA2MTIgNzkyIF0g
L1BhcmVudCA5IDAgUiAvUmVzb3VyY2VzIDw8Ci9Gb250IDEgMCBSIC9Qcm9jU2V0IFsgL1BERiAv
VGV4dCAvSW1hZ2VCIC9JbWFnZUMgL0ltYWdlSSBdIC9YT2JqZWN0IDw8Ci9Gb3JtWG9iLjUwZTA5
ZDg3ZTFlOGI1ZTNmOWUyMWMyNjMzZTNhY2ViIDQgMCBSCj4+Cj4+IC9Sb3RhdGUgMCAvVHJhbnMg
PDwKCj4+IAogIC9UeXBlIC9QYWdlCj4+CmVuZG9iago3IDAgb2JqCjw8Ci9QYWdlTW9kZSAvVXNl
Tm9uZSAvUGFnZXMgOSAwIFIgL1R5cGUgL0NhdGFsb2cKPj4KZW5kb2JqCjggMCBvYmoKPDwKL0F1
dGhvciAoYW5vbnltb3VzKSAvQ3JlYXRpb25EYXRlIChEOjIwMjYwNjEyMTcxMzU3KzAwJzAwJykg
L0NyZWF0b3IgKGFub255bW91cykgL0tleXdvcmRzICgpIC9Nb2REYXRlIChEOjIwMjYwNjEyMTcx
MzU3KzAwJzAwJykgL1Byb2R1Y2VyIChSZXBvcnRMYWIgUERGIExpYnJhcnkgLSBcKG9wZW5zb3Vy
Y2VcKSkgCiAgL1N1YmplY3QgKHVuc3BlY2lmaWVkKSAvVGl0bGUgKHVudGl0bGVkKSAvVHJhcHBl
ZCAvRmFsc2UKPj4KZW5kb2JqCjkgMCBvYmoKPDwKL0NvdW50IDEgL0tpZHMgWyA2IDAgUiBdIC9U
eXBlIC9QYWdlcwo+PgplbmRvYmoKMTAgMCBvYmoKPDwKL0ZpbHRlciBbIC9BU0NJSTg1RGVjb2Rl
IC9GbGF0ZURlY29kZSBdIC9MZW5ndGggNjA2Cj4+CnN0cmVhbQpHYXMyRj9aMkRmJ1pKdSonXic9
OyxgJ15bNWI+RDAmNExAcls7aTdcM29GUD8hKWw4XnEwLkNnQFR0ZUVgb3BWI0dPUCZWI0ddLFVE
YyRUVUpTIS1DST5CXChrXzBSLGFGclVMLjZOcDNpdDpYc0JiMyMjKG8ocU1ZUjlRSTZbOk5QR2Jr
LG1uT1E1N3MlOHRFXkQ6J081IzM7OUksI184Mmh0KF9EcUgqKCNQJG4mSzhdKEZdOypHV1NmYkJH
JEBSTyQkKmI8cUNkY0xpS09eRyY5RSRQMl11QEA1MTwzR2ddZHVpZ2VpOmZFLCQzPmZYKFVMQ1dX
KiY7OVlkYlcqWV82ImI7R2x1YCVCcGQ2X1VYSFhfRiJoWko6UzA0NSQmcF9mYW9vNUJeMnJxU0I2
YTIqVDk/ckgsQSNCO2NESnMhZiNHViNKLTguJSorMFxpNW5dQzVsSiJcbnFuXlh1LjRnaFwiJSVB
RlEwXiIjP0kwPVk0ZCg3XFQuOixeUWMsVzlXdGMjXlYzKEomZmpgX3M6VHI7QVRcJE5JRV9nKSdI
WCMyaTVDR10oSyxXajBTWXJhKExVUl9gay5FKjhbUiFiYC9hPlMhK1hDYFI2TUUuQlxoNFVrM1pm
SHNaU2YmPyVpMGxAYl5KbU8qOFxkU1YkM0hRLTpFQmhuLDBldUc/O1hZK1IuXSYkJUFeU246b1w6
NVZfYkpFPEpySk5zQzlBP3A/YUJscmZxT2o9OTxGJzY2LlFVWG9OKDlwImteYUpHSCdPWElqYGo2
IW9aIUBMTCU+Wm1UJkdKfj5lbmRzdHJlYW0KZW5kb2JqCnhyZWYKMCAxMQowMDAwMDAwMDAwIDY1
NTM1IGYgCjAwMDAwMDAwNjEgMDAwMDAgbiAKMDAwMDAwMDExMiAwMDAwMCBuIAowMDAwMDAwMjE5
IDAwMDAwIG4gCjAwMDAwMDAzMzEgMDAwMDAgbiAKMDAwMDAwNzgxMSAwMDAwMCBuIAowMDAwMDA3
OTI2IDAwMDAwIG4gCjAwMDAwMDgxODMgMDAwMDAgbiAKMDAwMDAwODI1MSAwMDAwMCBuIAowMDAw
MDA4NTEyIDAwMDAwIG4gCjAwMDAwMDg1NzEgMDAwMDAgbiAKdHJhaWxlcgo8PAovSUQgCls8ZTYz
Y2RiNWI2Njc3ZmEzNjU1NzE2MjgzMTQ2M2UzZDE+PGU2M2NkYjViNjY3N2ZhMzY1NTcxNjI4MzE0
NjNlM2QxPl0KJSBSZXBvcnRMYWIgZ2VuZXJhdGVkIFBERiBkb2N1bWVudCAtLSBkaWdlc3QgKG9w
ZW5zb3VyY2UpCgovSW5mbyA4IDAgUgovUm9vdCA3IDAgUgovU2l6ZSAxMQo+PgpzdGFydHhyZWYK
OTI2OAolJUVPRgo=

--===============1178551588102931245==--

-------------------------------------------------------------------------------
